Archive member included to satisfy reference by file (symbol)

/opt/st/stm32cubeide_1.15.0/plugins/com.st.stm32cube.ide.mcu.externaltools.gnu-tools-for-stm32.12.3.rel1.linux64_1.0.100.202403111256/tools/bin/../lib/gcc/arm-none-eabi/12.3.1/../../../../arm-none-eabi/lib/thumb/v7e-m+fp/hard/libc_nano.a(libc_a-exit.o)
                              /opt/st/stm32cubeide_1.15.0/plugins/com.st.stm32cube.ide.mcu.externaltools.gnu-tools-for-stm32.12.3.rel1.linux64_1.0.100.202403111256/tools/bin/../lib/gcc/arm-none-eabi/12.3.1/../../../../arm-none-eabi/lib/thumb/v7e-m+fp/hard/crt0.o (exit)
/opt/st/stm32cubeide_1.15.0/plugins/com.st.stm32cube.ide.mcu.externaltools.gnu-tools-for-stm32.12.3.rel1.linux64_1.0.100.202403111256/tools/bin/../lib/gcc/arm-none-eabi/12.3.1/../../../../arm-none-eabi/lib/thumb/v7e-m+fp/hard/libc_nano.a(libc_a-nano-vfprintf_float.o)
                              (_printf_float)
/opt/st/stm32cubeide_1.15.0/plugins/com.st.stm32cube.ide.mcu.externaltools.gnu-tools-for-stm32.12.3.rel1.linux64_1.0.100.202403111256/tools/bin/../lib/gcc/arm-none-eabi/12.3.1/../../../../arm-none-eabi/lib/thumb/v7e-m+fp/hard/libc_nano.a(libc_a-nano-vfprintf_i.o)
                              /opt/st/stm32cubeide_1.15.0/plugins/com.st.stm32cube.ide.mcu.externaltools.gnu-tools-for-stm32.12.3.rel1.linux64_1.0.100.202403111256/tools/bin/../lib/gcc/arm-none-eabi/12.3.1/../../../../arm-none-eabi/lib/thumb/v7e-m+fp/hard/libc_nano.a(libc_a-nano-vfprintf_float.o) (_printf_common)
/opt/st/stm32cubeide_1.15.0/plugins/com.st.stm32cube.ide.mcu.externaltools.gnu-tools-for-stm32.12.3.rel1.linux64_1.0.100.202403111256/tools/bin/../lib/gcc/arm-none-eabi/12.3.1/../../../../arm-none-eabi/lib/thumb/v7e-m+fp/hard/libc_nano.a(libc_a-findfp.o)
                              /opt/st/stm32cubeide_1.15.0/plugins/com.st.stm32cube.ide.mcu.externaltools.gnu-tools-for-stm32.12.3.rel1.linux64_1.0.100.202403111256/tools/bin/../lib/gcc/arm-none-eabi/12.3.1/../../../../arm-none-eabi/lib/thumb/v7e-m+fp/hard/libc_nano.a(libc_a-exit.o) (__stdio_exit_handler)
/opt/st/stm32cubeide_1.15.0/plugins/com.st.stm32cube.ide.mcu.externaltools.gnu-tools-for-stm32.12.3.rel1.linux64_1.0.100.202403111256/tools/bin/../lib/gcc/arm-none-eabi/12.3.1/../../../../arm-none-eabi/lib/thumb/v7e-m+fp/hard/libc_nano.a(libc_a-fwalk.o)
                              /opt/st/stm32cubeide_1.15.0/plugins/com.st.stm32cube.ide.mcu.externaltools.gnu-tools-for-stm32.12.3.rel1.linux64_1.0.100.202403111256/tools/bin/../lib/gcc/arm-none-eabi/12.3.1/../../../../arm-none-eabi/lib/thumb/v7e-m+fp/hard/libc_nano.a(libc_a-findfp.o) (_fwalk_sglue)
/opt/st/stm32cubeide_1.15.0/plugins/com.st.stm32cube.ide.mcu.externaltools.gnu-tools-for-stm32.12.3.rel1.linux64_1.0.100.202403111256/tools/bin/../lib/gcc/arm-none-eabi/12.3.1/../../../../arm-none-eabi/lib/thumb/v7e-m+fp/hard/libc_nano.a(libc_a-printf.o)
                              ./Core/Src/main.o (printf)
/opt/st/stm32cubeide_1.15.0/plugins/com.st.stm32cube.ide.mcu.externaltools.gnu-tools-for-stm32.12.3.rel1.linux64_1.0.100.202403111256/tools/bin/../lib/gcc/arm-none-eabi/12.3.1/../../../../arm-none-eabi/lib/thumb/v7e-m+fp/hard/libc_nano.a(libc_a-putchar.o)
                              ./Core/Src/main.o (putchar)
/opt/st/stm32cubeide_1.15.0/plugins/com.st.stm32cube.ide.mcu.externaltools.gnu-tools-for-stm32.12.3.rel1.linux64_1.0.100.202403111256/tools/bin/../lib/gcc/arm-none-eabi/12.3.1/../../../../arm-none-eabi/lib/thumb/v7e-m+fp/hard/libc_nano.a(libc_a-setbuf.o)
                              ./Core/Src/main.o (setbuf)
/opt/st/stm32cubeide_1.15.0/plugins/com.st.stm32cube.ide.mcu.externaltools.gnu-tools-for-stm32.12.3.rel1.linux64_1.0.100.202403111256/tools/bin/../lib/gcc/arm-none-eabi/12.3.1/../../../../arm-none-eabi/lib/thumb/v7e-m+fp/hard/libc_nano.a(libc_a-setvbuf.o)
                              /opt/st/stm32cubeide_1.15.0/plugins/com.st.stm32cube.ide.mcu.externaltools.gnu-tools-for-stm32.12.3.rel1.linux64_1.0.100.202403111256/tools/bin/../lib/gcc/arm-none-eabi/12.3.1/../../../../arm-none-eabi/lib/thumb/v7e-m+fp/hard/libc_nano.a(libc_a-setbuf.o) (setvbuf)
/opt/st/stm32cubeide_1.15.0/plugins/com.st.stm32cube.ide.mcu.externaltools.gnu-tools-for-stm32.12.3.rel1.linux64_1.0.100.202403111256/tools/bin/../lib/gcc/arm-none-eabi/12.3.1/../../../../arm-none-eabi/lib/thumb/v7e-m+fp/hard/libc_nano.a(libc_a-stdio.o)
                              /opt/st/stm32cubeide_1.15.0/plugins/com.st.stm32cube.ide.mcu.externaltools.gnu-tools-for-stm32.12.3.rel1.linux64_1.0.100.202403111256/tools/bin/../lib/gcc/arm-none-eabi/12.3.1/../../../../arm-none-eabi/lib/thumb/v7e-m+fp/hard/libc_nano.a(libc_a-findfp.o) (__sread)
/opt/st/stm32cubeide_1.15.0/plugins/com.st.stm32cube.ide.mcu.externaltools.gnu-tools-for-stm32.12.3.rel1.linux64_1.0.100.202403111256/tools/bin/../lib/gcc/arm-none-eabi/12.3.1/../../../../arm-none-eabi/lib/thumb/v7e-m+fp/hard/libc_nano.a(libc_a-memset.o)
[...]
Memory Configuration

Name             Origin             Length             Attributes
CCMRAM           0x10000000         0x00001000         xrw
RAM              0x20000000         0x00003000         xrw
FLASH            0x08000000         0x00010000         xr
*default*        0x00000000         0xffffffff

Linker script and memory map

LOAD /opt/st/stm32cubeide_1.15.0/plugins/com.st.stm32cube.ide.mcu.externaltools.gnu-tools-for-stm32.12.3.rel1.linux64_1.0.100.202403111256/tools/bin/../lib/gcc/arm-none-eabi/12.3.1/thumb/v7e-m+fp/hard/crti.o
LOAD /opt/st/stm32cubeide_1.15.0/plugins/com.st.stm32cube.ide.mcu.externaltools.gnu-tools-for-stm32.12.3.rel1.linux64_1.0.100.202403111256/tools/bin/../lib/gcc/arm-none-eabi/12.3.1/thumb/v7e-m+fp/hard/crtbegin.o
LOAD /opt/st/stm32cubeide_1.15.0/plugins/com.st.stm32cube.ide.mcu.externaltools.gnu-tools-for-stm32.12.3.rel1.linux64_1.0.100.202403111256/tools/bin/../lib/gcc/arm-none-eabi/12.3.1/../../../../arm-none-eabi/lib/thumb/v7e-m+fp/hard/crt0.o
LOAD ./Core/Src/main.o
LOAD ./Core/Src/stm32f3xx_hal_msp.o
LOAD ./Core/Src/stm32f3xx_it.o
LOAD ./Core/Src/syscalls.o
LOAD ./Core/Src/sysmem.o
LOAD ./Core/Src/system_stm32f3xx.o
LOAD ./Core/Startup/startup_stm32f303k8tx.o
LOAD ./Drivers/STM32F3xx_HAL_Driver/Src/stm32f3xx_hal.o
LOAD ./Drivers/STM32F3xx_HAL_Driver/Src/stm32f3xx_hal_cortex.o
LOAD ./Drivers/STM32F3xx_HAL_Driver/Src/stm32f3xx_hal_dma.o
LOAD ./Drivers/STM32F3xx_HAL_Driver/Src/stm32f3xx_hal_exti.o
LOAD ./Drivers/STM32F3xx_HAL_Driver/Src/stm32f3xx_hal_flash.o
LOAD ./Drivers/STM32F3xx_HAL_Driver/Src/stm32f3xx_hal_flash_ex.o
LOAD ./Drivers/STM32F3xx_HAL_Driver/Src/stm32f3xx_hal_gpio.o
LOAD ./Drivers/STM32F3xx_HAL_Driver/Src/stm32f3xx_hal_i2c.o
LOAD ./Drivers/STM32F3xx_HAL_Driver/Src/stm32f3xx_hal_i2c_ex.o
LOAD ./Drivers/STM32F3xx_HAL_Driver/Src/stm32f3xx_hal_pwr.o
LOAD ./Drivers/STM32F3xx_HAL_Driver/Src/stm32f3xx_hal_pwr_ex.o
LOAD ./Drivers/STM32F3xx_HAL_Driver/Src/stm32f3xx_hal_rcc.o
LOAD ./Drivers/STM32F3xx_HAL_Driver/Src/stm32f3xx_hal_rcc_ex.o
LOAD ./Drivers/STM32F3xx_HAL_Driver/Src/stm32f3xx_hal_tim.o
LOAD ./Drivers/STM32F3xx_HAL_Driver/Src/stm32f3xx_hal_tim_ex.o
LOAD ./Drivers/STM32F3xx_HAL_Driver/Src/stm32f3xx_hal_uart.o
LOAD ./Drivers/STM32F3xx_HAL_Driver/Src/stm32f3xx_hal_uart_ex.o
LOAD ./Drivers/VL53L1X/core/src/vl53l1_api.o
LOAD ./Drivers/VL53L1X/core/src/vl53l1_api_calibration.o
LOAD ./Drivers/VL53L1X/core/src/vl53l1_api_core.o
LOAD ./Drivers/VL53L1X/core/src/vl53l1_api_debug.o
LOAD ./Drivers/VL53L1X/core/src/vl53l1_api_preset_modes.o
LOAD ./Drivers/VL53L1X/core/src/vl53l1_api_strings.o
LOAD ./Drivers/VL53L1X/core/src/vl53l1_core.o
LOAD ./Drivers/VL53L1X/core/src/vl53l1_core_support.o
LOAD ./Drivers/VL53L1X/core/src/vl53l1_error_strings.o
LOAD ./Drivers/VL53L1X/core/src/vl53l1_register_funcs.o
LOAD ./Drivers/VL53L1X/core/src/vl53l1_silicon_core.o
LOAD ./Drivers/VL53L1X/core/src/vl53l1_wait.o
LOAD ./Drivers/VL53L1X/platform/src/vl53l1_platform.o
START GROUP
LOAD /opt/st/stm32cubeide_1.15.0/plugins/com.st.stm32cube.ide.mcu.externaltools.gnu-tools-for-stm32.12.3.rel1.linux64_1.0.100.202403111256/tools/bin/../lib/gcc/arm-none-eabi/12.3.1/../../../../arm-none-eabi/lib/thumb/v7e-m+fp/hard/libc_nano.a
LOAD /opt/st/stm32cubeide_1.15.0/plugins/com.st.stm32cube.ide.mcu.externaltools.gnu-tools-for-stm32.12.3.rel1.linux64_1.0.100.202403111256/tools/bin/../lib/gcc/arm-none-eabi/12.3.1/../../../../arm-none-eabi/lib/thumb/v7e-m+fp/hard/libm.a
END GROUP
START GROUP
LOAD /opt/st/stm32cubeide_1.15.0/plugins/com.st.stm32cube.ide.mcu.externaltools.gnu-tools-for-stm32.12.3.rel1.linux64_1.0.100.202403111256/tools/bin/../lib/gcc/arm-none-eabi/12.3.1/thumb/v7e-m+fp/hard/libgcc.a
LOAD /opt/st/stm32cubeide_1.15.0/plugins/com.st.stm32cube.ide.mcu.externaltools.gnu-tools-for-stm32.12.3.rel1.linux64_1.0.100.202403111256/tools/bin/../lib/gcc/arm-none-eabi/12.3.1/../../../../arm-none-eabi/lib/thumb/v7e-m+fp/hard/libc_nano.a
END GROUP
START GROUP
LOAD /opt/st/stm32cubeide_1.15.0/plugins/com.st.stm32cube.ide.mcu.externaltools.gnu-tools-for-stm32.12.3.rel1.linux64_1.0.100.202403111256/tools/bin/../lib/gcc/arm-none-eabi/12.3.1/thumb/v7e-m+fp/hard/libgcc.a
LOAD /opt/st/stm32cubeide_1.15.0/plugins/com.st.stm32cube.ide.mcu.externaltools.gnu-tools-for-stm32.12.3.rel1.linux64_1.0.100.202403111256/tools/bin/../lib/gcc/arm-none-eabi/12.3.1/../../../../arm-none-eabi/lib/thumb/v7e-m+fp/hard/libc_nano.a
LOAD /opt/st/stm32cubeide_1.15.0/plugins/com.st.stm32cube.ide.mcu.externaltools.gnu-tools-for-stm32.12.3.rel1.linux64_1.0.100.202403111256/tools/bin/../lib/gcc/arm-none-eabi/12.3.1/../../../../arm-none-eabi/lib/thumb/v7e-m+fp/hard/libnosys.a
END GROUP
START GROUP
LOAD /opt/st/stm32cubeide_1.15.0/plugins/com.st.stm32cube.ide.mcu.externaltools.gnu-tools-for-stm32.12.3.rel1.linux64_1.0.100.202403111256/tools/bin/../lib/gcc/arm-none-eabi/12.3.1/thumb/v7e-m+fp/hard/libgcc.a
LOAD /opt/st/stm32cubeide_1.15.0/plugins/com.st.stm32cube.ide.mcu.externaltools.gnu-tools-for-stm32.12.3.rel1.linux64_1.0.100.202403111256/tools/bin/../lib/gcc/arm-none-eabi/12.3.1/../../../../arm-none-eabi/lib/thumb/v7e-m+fp/hard/libc_nano.a
LOAD /opt/st/stm32cubeide_1.15.0/plugins/com.st.stm32cube.ide.mcu.externaltools.gnu-tools-for-stm32.12.3.rel1.linux64_1.0.100.202403111256/tools/bin/../lib/gcc/arm-none-eabi/12.3.1/../../../../arm-none-eabi/lib/thumb/v7e-m+fp/hard/libnosys.a
END GROUP
LOAD /opt/st/stm32cubeide_1.15.0/plugins/com.st.stm32cube.ide.mcu.externaltools.gnu-tools-for-stm32.12.3.rel1.linux64_1.0.100.202403111256/tools/bin/../lib/gcc/arm-none-eabi/12.3.1/thumb/v7e-m+fp/hard/crtend.o
LOAD /opt/st/stm32cubeide_1.15.0/plugins/com.st.stm32cube.ide.mcu.externaltools.gnu-tools-for-stm32.12.3.rel1.linux64_1.0.100.202403111256/tools/bin/../lib/gcc/arm-none-eabi/12.3.1/thumb/v7e-m+fp/hard/crtn.o
                0x20003000                        _estack = (ORIGIN (RAM) + LENGTH (RAM))
                0x00000200                        _Min_Heap_Size = 0x200
                0x00000400                        _Min_Stack_Size = 0x400

.isr_vector     0x08000000      0x188
                0x08000000                        . = ALIGN (0x4)
 *(.isr_vector)
 .isr_vector    0x08000000      0x188 ./Core/Startup/startup_stm32f303k8tx.o
                0x08000000                g_pfnVectors
                0x08000188                        . = ALIGN (0x4)

.text           0x08000190     0xc4b8
                0x08000190                        . = ALIGN (0x4)
 *(.text)
 .text          0x08000190       0x40 /opt/st/stm32cubeide_1.15.0/plugins/com.st.stm32cube.ide.mcu.externaltools.gnu-tools-for-stm32.12.3.rel1.linux64_1.0.100.202403111256/tools/bin/../lib/gcc/arm-none-eabi/12.3.1/thumb/v7e-m+fp/hard/crtbegin.o
 .text          0x080001d0       0xa0 /opt/st/stm32cubeide_1.15.0/plugins/com.st.stm32cube.ide.mcu.externaltools.gnu-tools-for-stm32.12.3.rel1.linux64_1.0.100.202403111256/tools/bin/../lib/gcc/arm-none-eabi/12.3.1/../../../../arm-none-eabi/lib/thumb/v7e-m+fp/hard/libc_nano.a(libc_a-memchr.o)
                0x080001d0                memchr
 .text          0x08000270       0x10 /opt/st/stm32cubeide_1.15.0/plugins/com.st.stm32cube.ide.mcu.externaltools.gnu-tools-for-stm32.12.3.rel1.linux64_1.0.100.202403111256/tools/bin/../lib/gcc/arm-none-eabi/12.3.1/../../../../arm-none-eabi/lib/thumb/v7e-m+fp/hard/libc_nano.a(libc_a-strlen.o)
                0x08000270                strlen
 .text          0x08000280      0x378 /opt/st/stm32cubeide_1.15.0/plugins/com.st.stm32cube.ide.mcu.externaltools.gnu-tools-for-stm32.12.3.rel1.linux64_1.0.100.202403111256/tools/bin/../lib/gcc/arm-none-eabi/12.3.1/thumb/v7e-m+fp/hard/libgcc.a(_arm_addsubdf3.o)
                0x08000280                __aeabi_drsub
                0x08000288                __aeabi_dsub
                0x08000288                __subdf3
                0x0800028c                __adddf3
                0x0800028c                __aeabi_dadd
                0x08000504                __aeabi_ui2d
                0x08000504                __floatunsidf
                0x08000524                __floatsidf
                0x08000524                __aeabi_i2d
                0x08000548                __extendsfdf2
                0x08000548                __aeabi_f2d
                0x0800058c                __aeabi_ul2d
                0x0800058c                __floatundidf
                0x0800059c                __floatdidf
                0x0800059c                __aeabi_l2d
 .text          0x080005f8      0x424 /opt/st/stm32cubeide_1.15.0/plugins/com.st.stm32cube.ide.mcu.externaltools.gnu-tools-for-stm32.12.3.rel1.linux64_1.0.100.202403111256/tools/bin/../lib/gcc/arm-none-eabi/12.3.1/thumb/v7e-m+fp/hard/libgcc.a(_arm_muldivdf3.o)
                0x080005f8                __aeabi_dmul
                0x080005f8                __muldf3
                0x0800084c                __aeabi_ddiv
                0x0800084c                __divdf3
 .text          0x08000a1c      0x110 /opt/st/stm32cubeide_1.15.0/plugins/com.st.stm32cube.ide.mcu.externaltools.gnu-tools-for-stm32.12.3.rel1.linux64_1.0.100.202403111256/tools/bin/../lib/gcc/arm-none-eabi/12.3.1/thumb/v7e-m+fp/hard/libgcc.a(_arm_cmpdf2.o)
                0x08000a1c                __gtdf2
                0x08000a1c                __gedf2
                0x08000a24                __ltdf2
                0x08000a24                __ledf2
                0x08000a2c                __cmpdf2
                0x08000a2c                __eqdf2
                0x08000a2c                __nedf2
                0x08000aa8                __aeabi_cdrcmple
                0x08000ab8                __aeabi_cdcmple
                0x08000ab8                __aeabi_cdcmpeq
                0x08000ac8                __aeabi_dcmpeq
                0x08000adc                __aeabi_dcmplt
                0x08000af0                __aeabi_dcmple
                0x08000b04                __aeabi_dcmpge
                0x08000b18                __aeabi_dcmpgt
 .text          0x08000b2c       0x2c /opt/st/stm32cubeide_1.15.0/plugins/com.st.stm32cube.ide.mcu.externaltools.gnu-tools-for-stm32.12.3.rel1.linux64_1.0.100.202403111256/tools/bin/../lib/gcc/arm-none-eabi/12.3.1/thumb/v7e-m+fp/hard/libgcc.a(_arm_unorddf2.o)
                0x08000b2c                __aeabi_dcmpun
                0x08000b2c                __unorddf2
 .text          0x08000b58       0x50 /opt/st/stm32cubeide_1.15.0/plugins/com.st.stm32cube.ide.mcu.externaltools.gnu-tools-for-stm32.12.3.rel1.linux64_1.0.100.202403111256/tools/bin/../lib/gcc/arm-none-eabi/12.3.1/thumb/v7e-m+fp/hard/libgcc.a(_arm_fixdfsi.o)
                0x08000b58                __fixdfsi
                0x08000b58                __aeabi_d2iz
 *(.text*)
 .text._write   0x08000ba8       0x28 ./Core/Src/main.o
                0x08000ba8                _write
 .text.main     0x08000bd0      0x19c ./Core/Src/main.o
                0x08000bd0                main
 .text.SystemClock_Config
                0x08000d6c       0xa4 ./Core/Src/main.o
                0x08000d6c                SystemClock_Config
 .text.MX_I2C1_Init
                0x08000e10       0x7c ./Core/Src/main.o
 .text.MX_USART2_UART_Init
                0x08000e8c       0x60 ./Core/Src/main.o
 .text.MX_GPIO_Init
                0x08000eec       0x60 ./Core/Src/main.o
 .text.Error_Handler
                0x08000f4c        0xc ./Core/Src/main.o
                0x08000f4c                Error_Handler
 .text.HAL_MspInit
                0x08000f58       0x48 ./Core/Src/stm32f3xx_hal_msp.o
                0x08000f58                HAL_MspInit
 .text.HAL_I2C_MspInit
                0x08000fa0       0x88 ./Core/Src/stm32f3xx_hal_msp.o
                0x08000fa0                HAL_I2C_MspInit
 .text.HAL_UART_MspInit
                0x08001028       0x88 ./Core/Src/stm32f3xx_hal_msp.o
                0x08001028                HAL_UART_MspInit
 .text.NMI_Handler
                0x080010b0        0x8 ./Core/Src/stm32f3xx_it.o
                0x080010b0                NMI_Handler
 .text.HardFault_Handler
                0x080010b8        0x8 ./Core/Src/stm32f3xx_it.o
                0x080010b8                HardFault_Handler
 .text.MemManage_Handler
                0x080010c0        0x8 ./Core/Src/stm32f3xx_it.o
                0x080010c0                MemManage_Handler
 .text.BusFault_Handler
                0x080010c8        0x8 ./Core/Src/stm32f3xx_it.o
                0x080010c8                BusFault_Handler
 .text.UsageFault_Handler
                0x080010d0        0x8 ./Core/Src/stm32f3xx_it.o
                0x080010d0                UsageFault_Handler
 .text.SVC_Handler
                0x080010d8        0xe ./Core/Src/stm32f3xx_it.o
                0x080010d8                SVC_Handler
 .text.DebugMon_Handler
                0x080010e6        0xe ./Core/Src/stm32f3xx_it.o
                0x080010e6                DebugMon_Handler
 .text.PendSV_Handler
                0x080010f4        0xe ./Core/Src/stm32f3xx_it.o
                0x080010f4                PendSV_Handler
 .text.SysTick_Handler
                0x08001102        0xc ./Core/Src/stm32f3xx_it.o
                0x08001102                SysTick_Handler
 .text._getpid  0x0800110e       0x10 ./Core/Src/syscalls.o
                0x0800110e                _getpid
 .text._kill    0x0800111e       0x20 ./Core/Src/syscalls.o
                0x0800111e                _kill
 .text._exit    0x0800113e       0x16 ./Core/Src/syscalls.o
                0x0800113e                _exit
 .text._read    0x08001154       0x3a ./Core/Src/syscalls.o
                0x08001154                _read
 .text._close   0x0800118e       0x18 ./Core/Src/syscalls.o
                0x0800118e                _close
 .text._fstat   0x080011a6       0x20 ./Core/Src/syscalls.o
                0x080011a6                _fstat
 .text._isatty  0x080011c6       0x16 ./Core/Src/syscalls.o
                0x080011c6                _isatty
 .text._lseek   0x080011dc       0x1a ./Core/Src/syscalls.o
                0x080011dc                _lseek
 *fill*         0x080011f6        0x2 
 .text._sbrk    0x080011f8       0x6c ./Core/Src/sysmem.o
                0x080011f8                _sbrk
 .text.SystemInit
                0x08001264       0x24 ./Core/Src/system_stm32f3xx.o
                0x08001264                SystemInit
 .text.Reset_Handler
                0x08001288       0x50 ./Core/Startup/startup_stm32f303k8tx.o
                0x08001288                Reset_Handler
 .text.Default_Handler
                0x080012d8        0x2 ./Core/Startup/startup_stm32f303k8tx.o
                0x080012d8                RTC_Alarm_IRQHandler
                0x080012d8                TIM1_CC_IRQHandler
                0x080012d8                PVD_IRQHandler
                0x080012d8                TAMP_STAMP_IRQHandler
                0x080012d8                EXTI3_IRQHandler
                0x080012d8                EXTI0_IRQHandler
                0x080012d8                FPU_IRQHandler
                0x080012d8                CAN_TX_IRQHandler
                0x080012d8                TIM1_UP_TIM16_IRQHandler
                0x080012d8                ADC1_2_IRQHandler
                0x080012d8                SPI1_IRQHandler
                0x080012d8                CAN_SCE_IRQHandler
                0x080012d8                DMA1_Channel4_IRQHandler
                0x080012d8                USART3_IRQHandler
                0x080012d8                DMA1_Channel7_IRQHandler
                0x080012d8                TIM7_DAC2_IRQHandler
                0x080012d8                CAN_RX1_IRQHandler
                0x080012d8                I2C1_EV_IRQHandler
                0x080012d8                DMA1_Channel6_IRQHandler
                0x080012d8                TIM3_IRQHandler
                0x080012d8                RCC_IRQHandler
                0x080012d8                DMA1_Channel1_IRQHandler
                0x080012d8                Default_Handler
                0x080012d8                EXTI15_10_IRQHandler
                0x080012d8                COMP2_IRQHandler
                0x080012d8                TIM6_DAC1_IRQHandler
                0x080012d8                EXTI9_5_IRQHandler
                0x080012d8                RTC_WKUP_IRQHandler
                0x080012d8                DMA1_Channel5_IRQHandler
                0x080012d8                EXTI4_IRQHandler
                0x080012d8                TIM1_TRG_COM_TIM17_IRQHandler
                0x080012d8                DMA1_Channel3_IRQHandler
                0x080012d8                WWDG_IRQHandler
                0x080012d8                TIM2_IRQHandler
                0x080012d8                EXTI1_IRQHandler
                0x080012d8                COMP4_6_IRQHandler
                0x080012d8                USART2_IRQHandler
                0x080012d8                DMA1_Channel2_IRQHandler
                0x080012d8                FLASH_IRQHandler
                0x080012d8                USART1_IRQHandler
                0x080012d8                CAN_RX0_IRQHandler
                0x080012d8                I2C1_ER_IRQHandler
                0x080012d8                EXTI2_TSC_IRQHandler
                0x080012d8                TIM1_BRK_TIM15_IRQHandler
 *fill*         0x080012da        0x2 
 .text.HAL_Init
                0x080012dc       0x2c ./Drivers/STM32F3xx_HAL_Driver/Src/stm32f3xx_hal.o
                0x080012dc                HAL_Init
 .text.HAL_InitTick
                0x08001308       0x60 ./Drivers/STM32F3xx_HAL_Driver/Src/stm32f3xx_hal.o
                0x08001308                HAL_InitTick
 .text.HAL_IncTick
                0x08001368       0x28 ./Drivers/STM32F3xx_HAL_Driver/Src/stm32f3xx_hal.o
                0x08001368                HAL_IncTick
 .text.HAL_GetTick
                0x08001390       0x18 ./Drivers/STM32F3xx_HAL_Driver/Src/stm32f3xx_hal.o
                0x08001390                HAL_GetTick
 .text.HAL_Delay
                0x080013a8       0x48 ./Drivers/STM32F3xx_HAL_Driver/Src/stm32f3xx_hal.o
                0x080013a8                HAL_Delay
 .text.__NVIC_SetPriorityGrouping
                0x080013f0       0x48 ./Drivers/STM32F3xx_HAL_Driver/Src/stm32f3xx_hal_cortex.o
 .text.__NVIC_GetPriorityGrouping
                0x08001438       0x1c ./Drivers/STM32F3xx_HAL_Driver/Src/stm32f3xx_hal_cortex.o
 .text.__NVIC_SetPriority
                0x08001454       0x54 ./Drivers/STM32F3xx_HAL_Driver/Src/stm32f3xx_hal_cortex.o
 .text.NVIC_EncodePriority
                0x080014a8       0x66 ./Drivers/STM32F3xx_HAL_Driver/Src/stm32f3xx_hal_cortex.o
 *fill*         0x0800150e        0x2 
 .text.SysTick_Config
                0x08001510       0x44 ./Drivers/STM32F3xx_HAL_Driver/Src/stm32f3xx_hal_cortex.o
 .text.HAL_NVIC_SetPriorityGrouping
                0x08001554       0x16 ./Drivers/STM32F3xx_HAL_Driver/Src/stm32f3xx_hal_cortex.o
                0x08001554                HAL_NVIC_SetPriorityGrouping
 .text.HAL_NVIC_SetPriority
                0x0800156a       0x38 ./Drivers/STM32F3xx_HAL_Driver/Src/stm32f3xx_hal_cortex.o
                0x0800156a                HAL_NVIC_SetPriority
 .text.HAL_SYSTICK_Config
                0x080015a2       0x18 ./Drivers/STM32F3xx_HAL_Driver/Src/stm32f3xx_hal_cortex.o
                0x080015a2                HAL_SYSTICK_Config
 *fill*         0x080015ba        0x2 
 .text.HAL_GPIO_Init
                0x080015bc      0x2e4 ./Drivers/STM32F3xx_HAL_Driver/Src/stm32f3xx_hal_gpio.o
                0x080015bc                HAL_GPIO_Init
 .text.HAL_I2C_Init
                0x080018a0      0x11e ./Drivers/STM32F3xx_HAL_Driver/Src/stm32f3xx_hal_i2c.o
                0x080018a0                HAL_I2C_Init
 *fill*         0x080019be        0x2 
 .text.HAL_I2C_Master_Transmit
                0x080019c0      0x1e8 ./Drivers/STM32F3xx_HAL_Driver/Src/stm32f3xx_hal_i2c.o
                0x080019c0                HAL_I2C_Master_Transmit
 .text.HAL_I2C_Master_Receive
                0x08001ba8      0x1ec ./Drivers/STM32F3xx_HAL_Driver/Src/stm32f3xx_hal_i2c.o
                0x08001ba8                HAL_I2C_Master_Receive
 .text.I2C_Flush_TXDR
                0x08001d94       0x48 ./Drivers/STM32F3xx_HAL_Driver/Src/stm32f3xx_hal_i2c.o
 .text.I2C_WaitOnFlagUntilTimeout
                0x08001ddc       0x9e ./Drivers/STM32F3xx_HAL_Driver/Src/stm32f3xx_hal_i2c.o
 .text.I2C_WaitOnTXISFlagUntilTimeout
                0x08001e7a       0x8e ./Drivers/STM32F3xx_HAL_Driver/Src/stm32f3xx_hal_i2c.o
 .text.I2C_WaitOnSTOPFlagUntilTimeout
                0x08001f08       0x86 ./Drivers/STM32F3xx_HAL_Driver/Src/stm32f3xx_hal_i2c.o
 *fill*         0x08001f8e        0x2 
 .text.I2C_WaitOnRXNEFlagUntilTimeout
                0x08001f90      0x104 ./Drivers/STM32F3xx_HAL_Driver/Src/stm32f3xx_hal_i2c.o
 .text.I2C_IsErrorOccurred
                0x08002094      0x1c0 ./Drivers/STM32F3xx_HAL_Driver/Src/stm32f3xx_hal_i2c.o
 .text.I2C_TransferConfig
                0x08002254       0x64 ./Drivers/STM32F3xx_HAL_Driver/Src/stm32f3xx_hal_i2c.o
 .text.HAL_I2CEx_ConfigAnalogFilter
                0x080022b8       0x96 ./Drivers/STM32F3xx_HAL_Driver/Src/stm32f3xx_hal_i2c_ex.o
                0x080022b8                HAL_I2CEx_ConfigAnalogFilter
 .text.HAL_I2CEx_ConfigDigitalFilter
                0x0800234e       0x98 ./Drivers/STM32F3xx_HAL_Driver/Src/stm32f3xx_hal_i2c_ex.o
                0x0800234e                HAL_I2CEx_ConfigDigitalFilter
 *fill*         0x080023e6        0x2 
 .text.HAL_RCC_OscConfig
                0x080023e8     0x107c ./Drivers/STM32F3xx_HAL_Driver/Src/stm32f3xx_hal_rcc.o
                0x080023e8                HAL_RCC_OscConfig
 .text.HAL_RCC_ClockConfig
                0x08003464      0x2f8 ./Drivers/STM32F3xx_HAL_Driver/Src/stm32f3xx_hal_rcc.o
                0x08003464                HAL_RCC_ClockConfig
 .text.HAL_RCC_GetSysClockFreq
                0x0800375c       0xd8 ./Drivers/STM32F3xx_HAL_Driver/Src/stm32f3xx_hal_rcc.o
                0x0800375c                HAL_RCC_GetSysClockFreq
 .text.HAL_RCC_GetHCLKFreq
                0x08003834       0x18 ./Drivers/STM32F3xx_HAL_Driver/Src/stm32f3xx_hal_rcc.o
                0x08003834                HAL_RCC_GetHCLKFreq
 .text.HAL_RCC_GetPCLK1Freq
                0x0800384c       0x44 ./Drivers/STM32F3xx_HAL_Driver/Src/stm32f3xx_hal_rcc.o
                0x0800384c                HAL_RCC_GetPCLK1Freq
 .text.HAL_RCC_GetPCLK2Freq
                0x08003890       0x44 ./Drivers/STM32F3xx_HAL_Driver/Src/stm32f3xx_hal_rcc.o
                0x08003890                HAL_RCC_GetPCLK2Freq
 .text.HAL_RCCEx_PeriphCLKConfig
                0x080038d4      0x24c ./Drivers/STM32F3xx_HAL_Driver/Src/stm32f3xx_hal_rcc_ex.o
                0x080038d4                HAL_RCCEx_PeriphCLKConfig
 .text.HAL_UART_Init
                0x08003b20       0x9c ./Drivers/STM32F3xx_HAL_Driver/Src/stm32f3xx_hal_uart.o
                0x08003b20                HAL_UART_Init
 .text.HAL_UART_Transmit
                0x08003bbc      0x112 ./Drivers/STM32F3xx_HAL_Driver/Src/stm32f3xx_hal_uart.o
                0x08003bbc                HAL_UART_Transmit
 *fill*         0x08003cce        0x2 
 .text.UART_SetConfig
                0x08003cd0      0x26c ./Drivers/STM32F3xx_HAL_Driver/Src/stm32f3xx_hal_uart.o
                0x08003cd0                UART_SetConfig
 .text.UART_AdvFeatureConfig
                0x08003f3c      0x144 ./Drivers/STM32F3xx_HAL_Driver/Src/stm32f3xx_hal_uart.o
                0x08003f3c                UART_AdvFeatureConfig
 .text.UART_CheckIdleState
                0x08004080      0x150 ./Drivers/STM32F3xx_HAL_Driver/Src/stm32f3xx_hal_uart.o
                0x08004080                UART_CheckIdleState
 .text.UART_WaitOnFlagUntilTimeout
                0x080041d0       0xce ./Drivers/STM32F3xx_HAL_Driver/Src/stm32f3xx_hal_uart.o
                0x080041d0                UART_WaitOnFlagUntilTimeout
 .text.UART_EndRxTransfer
                0x0800429e       0xc8 ./Drivers/STM32F3xx_HAL_Driver/Src/stm32f3xx_hal_uart.o
 .text.VL53L1_DataInit
                0x08004366       0xa6 ./Drivers/VL53L1X/core/src/vl53l1_api.o
                0x08004366                VL53L1_DataInit
 .text.VL53L1_StaticInit
                0x0800440c       0x3e ./Drivers/VL53L1X/core/src/vl53l1_api.o
                0x0800440c                VL53L1_StaticInit
 .text.VL53L1_WaitDeviceBooted
                0x0800444a       0x26 ./Drivers/VL53L1X/core/src/vl53l1_api.o
                0x0800444a                VL53L1_WaitDeviceBooted
 .text.ComputeDevicePresetMode
                0x08004470       0xd0 ./Drivers/VL53L1X/core/src/vl53l1_api.o
 .text.SetPresetMode
                0x08004540       0xde ./Drivers/VL53L1X/core/src/vl53l1_api.o
 .text.VL53L1_SetPresetMode
                0x0800461e       0x8a ./Drivers/VL53L1X/core/src/vl53l1_api.o
                0x0800461e                VL53L1_SetPresetMode
 .text.VL53L1_SetDistanceMode
                0x080046a8       0xea ./Drivers/VL53L1X/core/src/vl53l1_api.o
                0x080046a8                VL53L1_SetDistanceMode
 *fill*         0x08004792        0x2 
 .text.VL53L1_SetMeasurementTimingBudgetMicroSeconds
                0x08004794      0x1c0 ./Drivers/VL53L1X/core/src/vl53l1_api.o
                0x08004794                VL53L1_SetMeasurementTimingBudgetMicroSeconds
 .text.VL53L1_GetMeasurementTimingBudgetMicroSeconds
                0x08004954      0x154 ./Drivers/VL53L1X/core/src/vl53l1_api.o
                0x08004954                VL53L1_GetMeasurementTimingBudgetMicroSeconds
 .text.VL53L1_SetInterMeasurementPeriodMilliSeconds
                0x08004aa8       0x40 ./Drivers/VL53L1X/core/src/vl53l1_api.o
                0x08004aa8                VL53L1_SetInterMeasurementPeriodMilliSeconds
 .text.VL53L1_GetInterMeasurementPeriodMilliSeconds
                0x08004ae8       0x48 ./Drivers/VL53L1X/core/src/vl53l1_api.o
                0x08004ae8                VL53L1_GetInterMeasurementPeriodMilliSeconds
 .text.SetLimitValue
                0x08004b30       0x52 ./Drivers/VL53L1X/core/src/vl53l1_api.o
 .text.VL53L1_SetLimitCheckEnable
                0x08004b82       0x7c ./Drivers/VL53L1X/core/src/vl53l1_api.o
                0x08004b82                VL53L1_SetLimitCheckEnable
 .text.VL53L1_GetLimitCheckEnable
                0x08004bfe       0x46 ./Drivers/VL53L1X/core/src/vl53l1_api.o
                0x08004bfe                VL53L1_GetLimitCheckEnable
 .text.VL53L1_GetLimitCheckValue
                0x08004c44       0xb2 ./Drivers/VL53L1X/core/src/vl53l1_api.o
                0x08004c44                VL53L1_GetLimitCheckValue
 .text.VL53L1_GetSequenceStepEnable
                0x08004cf6       0x2e ./Drivers/VL53L1X/core/src/vl53l1_api.o
                0x08004cf6                VL53L1_GetSequenceStepEnable
 .text.VL53L1_StartMeasurement
                0x08004d24       0xd8 ./Drivers/VL53L1X/core/src/vl53l1_api.o
                0x08004d24                VL53L1_StartMeasurement
 .text.VL53L1_ClearInterruptAndStartMeasurement
                0x08004dfc       0x2c ./Drivers/VL53L1X/core/src/vl53l1_api.o
                0x08004dfc                VL53L1_ClearInterruptAndStartMeasurement
 .text.VL53L1_GetMeasurementDataReady
                0x08004e28       0x26 ./Drivers/VL53L1X/core/src/vl53l1_api.o
                0x08004e28                VL53L1_GetMeasurementDataReady
 *fill*         0x08004e4e        0x2 
 .text.ComputeRQL
                0x08004e50       0xf0 ./Drivers/VL53L1X/core/src/vl53l1_api.o
 .text.ConvertStatusLite
                0x08004f40       0xa0 ./Drivers/VL53L1X/core/src/vl53l1_api.o
 .text.SetSimpleData
                0x08004fe0      0x1c0 ./Drivers/VL53L1X/core/src/vl53l1_api.o
 .text.VL53L1_GetRangingMeasurementData
                0x080051a0       0x78 ./Drivers/VL53L1X/core/src/vl53l1_api.o
                0x080051a0                VL53L1_GetRangingMeasurementData
 .text.VL53L1_LoadPatch
                0x08005218      0x250 ./Drivers/VL53L1X/core/src/vl53l1_api.o
 .text.VL53L1_data_init
                0x08005468      0x13a ./Drivers/VL53L1X/core/src/vl53l1_api_core.o
                0x08005468                VL53L1_data_init
 .text.VL53L1_read_p2p_data
                0x080055a2      0x100 ./Drivers/VL53L1X/core/src/vl53l1_api_core.o
                0x080055a2                VL53L1_read_p2p_data
 .text.VL53L1_software_reset
                0x080056a2       0x6a ./Drivers/VL53L1X/core/src/vl53l1_api_core.o
                0x080056a2                VL53L1_software_reset
 .text.VL53L1_set_inter_measurement_period_ms
                0x0800570c       0x52 ./Drivers/VL53L1X/core/src/vl53l1_api_core.o
                0x0800570c                VL53L1_set_inter_measurement_period_ms
 .text.VL53L1_get_inter_measurement_period_ms
                0x0800575e       0x4c ./Drivers/VL53L1X/core/src/vl53l1_api_core.o
                0x0800575e                VL53L1_get_inter_measurement_period_ms
 .text.VL53L1_set_timeouts_us
                0x080057aa       0x70 ./Drivers/VL53L1X/core/src/vl53l1_api_core.o
                0x080057aa                VL53L1_set_timeouts_us
 .text.VL53L1_get_timeouts_us
                0x0800581a       0xd2 ./Drivers/VL53L1X/core/src/vl53l1_api_core.o
                0x0800581a                VL53L1_get_timeouts_us
 .text.VL53L1_get_sequence_config_bit
                0x080058ec       0x6e ./Drivers/VL53L1X/core/src/vl53l1_api_core.o
                0x080058ec                VL53L1_get_sequence_config_bit
 .text.VL53L1_set_user_zone
                0x0800595a       0x46 ./Drivers/VL53L1X/core/src/vl53l1_api_core.o
                0x0800595a                VL53L1_set_user_zone
 .text.VL53L1_get_user_zone
                0x080059a0       0x44 ./Drivers/VL53L1X/core/src/vl53l1_api_core.o
                0x080059a0                VL53L1_get_user_zone
 .text.VL53L1_get_mode_mitigation_roi
                0x080059e4       0x68 ./Drivers/VL53L1X/core/src/vl53l1_api_core.o
                0x080059e4                VL53L1_get_mode_mitigation_roi
 .text.VL53L1_get_preset_mode_timing_cfg
                0x08005a4c      0x154 ./Drivers/VL53L1X/core/src/vl53l1_api_core.o
                0x08005a4c                VL53L1_get_preset_mode_timing_cfg
 .text.VL53L1_set_preset_mode
                0x08005ba0      0x2ec ./Drivers/VL53L1X/core/src/vl53l1_api_core.o
                0x08005ba0                VL53L1_set_preset_mode
 .text.VL53L1_get_lite_sigma_threshold
                0x08005e8c       0x2c ./Drivers/VL53L1X/core/src/vl53l1_api_core.o
                0x08005e8c                VL53L1_get_lite_sigma_threshold
 .text.VL53L1_set_lite_sigma_threshold
                0x08005eb8       0x2c ./Drivers/VL53L1X/core/src/vl53l1_api_core.o
                0x08005eb8                VL53L1_set_lite_sigma_threshold
 .text.VL53L1_get_lite_min_count_rate
                0x08005ee4       0x2c ./Drivers/VL53L1X/core/src/vl53l1_api_core.o
                0x08005ee4                VL53L1_get_lite_min_count_rate
 .text.VL53L1_set_lite_min_count_rate
                0x08005f10       0x2c ./Drivers/VL53L1X/core/src/vl53l1_api_core.o
                0x08005f10                VL53L1_set_lite_min_count_rate
 .text.VL53L1_set_vhv_loopbound
                0x08005f3c       0x40 ./Drivers/VL53L1X/core/src/vl53l1_api_core.o
                0x08005f3c                VL53L1_set_vhv_loopbound
 .text.VL53L1_init_and_start_range
                0x08005f7c      0x4c4 ./Drivers/VL53L1X/core/src/vl53l1_api_core.o
                0x08005f7c                VL53L1_init_and_start_range
 .text.VL53L1_get_measurement_results
                0x08006440      0x178 ./Drivers/VL53L1X/core/src/vl53l1_api_core.o
                0x08006440                VL53L1_get_measurement_results
 .text.VL53L1_get_device_results
                0x080065b8       0xe0 ./Drivers/VL53L1X/core/src/vl53l1_api_core.o
                0x080065b8                VL53L1_get_device_results
 .text.VL53L1_clear_interrupt_and_enable_next_range
                0x08006698       0x34 ./Drivers/VL53L1X/core/src/vl53l1_api_core.o
                0x08006698                VL53L1_clear_interrupt_and_enable_next_range
 .text.VL53L1_copy_sys_and_core_results_to_range_results
                0x080066cc      0x234 ./Drivers/VL53L1X/core/src/vl53l1_api_core.o
                0x080066cc                VL53L1_copy_sys_and_core_results_to_range_results
 .text.VL53L1_get_tuning_parm
                0x08006900      0x448 ./Drivers/VL53L1X/core/src/vl53l1_api_core.o
                0x08006900                VL53L1_get_tuning_parm
 .text.VL53L1_init_refspadchar_config_struct
                0x08006d48       0x48 ./Drivers/VL53L1X/core/src/vl53l1_api_preset_modes.o
                0x08006d48                VL53L1_init_refspadchar_config_struct
 .text.VL53L1_init_ssc_config_struct
                0x08006d90       0x42 ./Drivers/VL53L1X/core/src/vl53l1_api_preset_modes.o
                0x08006d90                VL53L1_init_ssc_config_struct
 .text.VL53L1_init_xtalk_config_struct
                0x08006dd2       0xc4 ./Drivers/VL53L1X/core/src/vl53l1_api_preset_modes.o
                0x08006dd2                VL53L1_init_xtalk_config_struct
 .text.VL53L1_init_offset_cal_config_struct
                0x08006e96       0x4e ./Drivers/VL53L1X/core/src/vl53l1_api_preset_modes.o
                0x08006e96                VL53L1_init_offset_cal_config_struct
 .text.VL53L1_init_tuning_parm_storage_struct
                0x08006ee4      0x11e ./Drivers/VL53L1X/core/src/vl53l1_api_preset_modes.o
                0x08006ee4                VL53L1_init_tuning_parm_storage_struct
 .text.VL53L1_preset_mode_standard_ranging
                0x08007002      0x23c ./Drivers/VL53L1X/core/src/vl53l1_api_preset_modes.o
                0x08007002                VL53L1_preset_mode_standard_ranging
 .text.VL53L1_preset_mode_standard_ranging_short_range
                0x0800723e       0x82 ./Drivers/VL53L1X/core/src/vl53l1_api_preset_modes.o
                0x0800723e                VL53L1_preset_mode_standard_ranging_short_range
 .text.VL53L1_preset_mode_standard_ranging_long_range
                0x080072c0       0x82 ./Drivers/VL53L1X/core/src/vl53l1_api_preset_modes.o
                0x080072c0                VL53L1_preset_mode_standard_ranging_long_range
 .text.VL53L1_preset_mode_standard_ranging_mm1_cal
                0x08007342       0x4a ./Drivers/VL53L1X/core/src/vl53l1_api_preset_modes.o
                0x08007342                VL53L1_preset_mode_standard_ranging_mm1_cal
 .text.VL53L1_preset_mode_standard_ranging_mm2_cal
                0x0800738c       0x4a ./Drivers/VL53L1X/core/src/vl53l1_api_preset_modes.o
                0x0800738c                VL53L1_preset_mode_standard_ranging_mm2_cal
 .text.VL53L1_preset_mode_timed_ranging
                0x080073d6       0x74 ./Drivers/VL53L1X/core/src/vl53l1_api_preset_modes.o
                0x080073d6                VL53L1_preset_mode_timed_ranging
 .text.VL53L1_preset_mode_timed_ranging_short_range
                0x0800744a       0x74 ./Drivers/VL53L1X/core/src/vl53l1_api_preset_modes.o
                0x0800744a                VL53L1_preset_mode_timed_ranging_short_range
 .text.VL53L1_preset_mode_timed_ranging_long_range
                0x080074be       0x74 ./Drivers/VL53L1X/core/src/vl53l1_api_preset_modes.o
                0x080074be                VL53L1_preset_mode_timed_ranging_long_range
 .text.VL53L1_preset_mode_low_power_auto_ranging
                0x08007532       0x4c ./Drivers/VL53L1X/core/src/vl53l1_api_preset_modes.o
                0x08007532                VL53L1_preset_mode_low_power_auto_ranging
 .text.VL53L1_preset_mode_low_power_auto_short_ranging
                0x0800757e       0x4c ./Drivers/VL53L1X/core/src/vl53l1_api_preset_modes.o
                0x0800757e                VL53L1_preset_mode_low_power_auto_short_ranging
 .text.VL53L1_preset_mode_low_power_auto_long_ranging
                0x080075ca       0x4c ./Drivers/VL53L1X/core/src/vl53l1_api_preset_modes.o
                0x080075ca                VL53L1_preset_mode_low_power_auto_long_ranging
 .text.VL53L1_preset_mode_singleshot_ranging
                0x08007616       0x6c ./Drivers/VL53L1X/core/src/vl53l1_api_preset_modes.o
                0x08007616                VL53L1_preset_mode_singleshot_ranging
 .text.VL53L1_preset_mode_olt
                0x08007682       0x44 ./Drivers/VL53L1X/core/src/vl53l1_api_preset_modes.o
                0x08007682                VL53L1_preset_mode_olt
 .text.VL53L1_init_version
                0x080076c6       0x38 ./Drivers/VL53L1X/core/src/vl53l1_core.o
                0x080076c6                VL53L1_init_version
 .text.VL53L1_init_ll_driver_state
                0x080076fe       0x52 ./Drivers/VL53L1X/core/src/vl53l1_core.o
                0x080076fe                VL53L1_init_ll_driver_state
 .text.VL53L1_update_ll_driver_rd_state
                0x08007750      0x110 ./Drivers/VL53L1X/core/src/vl53l1_core.o
                0x08007750                VL53L1_update_ll_driver_rd_state
 .text.VL53L1_check_ll_driver_rd_state
                0x08007860       0x96 ./Drivers/VL53L1X/core/src/vl53l1_core.o
                0x08007860                VL53L1_check_ll_driver_rd_state
 .text.VL53L1_update_ll_driver_cfg_state
                0x080078f6       0xcc ./Drivers/VL53L1X/core/src/vl53l1_core.o
                0x080078f6                VL53L1_update_ll_driver_cfg_state
 .text.VL53L1_copy_rtn_good_spads_to_buffer
                0x080079c2      0x174 ./Drivers/VL53L1X/core/src/vl53l1_core.o
                0x080079c2                VL53L1_copy_rtn_good_spads_to_buffer
 .text.VL53L1_i2c_encode_uint16_t
                0x08007b36       0x56 ./Drivers/VL53L1X/core/src/vl53l1_core.o
                0x08007b36                VL53L1_i2c_encode_uint16_t
 .text.VL53L1_i2c_decode_uint16_t
                0x08007b8c       0x40 ./Drivers/VL53L1X/core/src/vl53l1_core.o
                0x08007b8c                VL53L1_i2c_decode_uint16_t
 .text.VL53L1_i2c_encode_int16_t
                0x08007bcc       0x58 ./Drivers/VL53L1X/core/src/vl53l1_core.o
                0x08007bcc                VL53L1_i2c_encode_int16_t
 .text.VL53L1_i2c_decode_int16_t
                0x08007c24       0x52 ./Drivers/VL53L1X/core/src/vl53l1_core.o
                0x08007c24                VL53L1_i2c_decode_int16_t
 .text.VL53L1_i2c_encode_uint32_t
                0x08007c76       0x54 ./Drivers/VL53L1X/core/src/vl53l1_core.o
                0x08007c76                VL53L1_i2c_encode_uint32_t
 .text.VL53L1_i2c_decode_uint32_t
                0x08007cca       0x3a ./Drivers/VL53L1X/core/src/vl53l1_core.o
                0x08007cca                VL53L1_i2c_decode_uint32_t
 .text.VL53L1_i2c_decode_int32_t
                0x08007d04       0x4a ./Drivers/VL53L1X/core/src/vl53l1_core.o
                0x08007d04                VL53L1_i2c_decode_int32_t
 .text.VL53L1_set_powerforce_register
                0x08007d4e       0x3c ./Drivers/VL53L1X/core/src/vl53l1_core.o
                0x08007d4e                VL53L1_set_powerforce_register
 .text.VL53L1_enable_powerforce
                0x08007d8a       0x24 ./Drivers/VL53L1X/core/src/vl53l1_core.o
                0x08007d8a                VL53L1_enable_powerforce
 .text.VL53L1_calc_macro_period_us
                0x08007dae       0x5e ./Drivers/VL53L1X/core/src/vl53l1_core.o
                0x08007dae                VL53L1_calc_macro_period_us
 .text.VL53L1_calc_range_ignore_threshold
                0x08007e0c       0xc4 ./Drivers/VL53L1X/core/src/vl53l1_core.o
                0x08007e0c                VL53L1_calc_range_ignore_threshold
 .text.VL53L1_calc_timeout_mclks
                0x08007ed0       0x2e ./Drivers/VL53L1X/core/src/vl53l1_core.o
                0x08007ed0                VL53L1_calc_timeout_mclks
 .text.VL53L1_calc_encoded_timeout
                0x08007efe       0x30 ./Drivers/VL53L1X/core/src/vl53l1_core.o
                0x08007efe                VL53L1_calc_encoded_timeout
 .text.VL53L1_calc_timeout_us
                0x08007f2e       0x80 ./Drivers/VL53L1X/core/src/vl53l1_core.o
                0x08007f2e                VL53L1_calc_timeout_us
 .text.VL53L1_calc_decoded_timeout_us
                0x08007fae       0x32 ./Drivers/VL53L1X/core/src/vl53l1_core.o
                0x08007fae                VL53L1_calc_decoded_timeout_us
 .text.VL53L1_encode_timeout
                0x08007fe0       0x54 ./Drivers/VL53L1X/core/src/vl53l1_core.o
                0x08007fe0                VL53L1_encode_timeout
 .text.VL53L1_decode_timeout
                0x08008034       0x2c ./Drivers/VL53L1X/core/src/vl53l1_core.o
                0x08008034                VL53L1_decode_timeout
 .text.VL53L1_calc_timeout_register_values
                0x08008060       0xf2 ./Drivers/VL53L1X/core/src/vl53l1_core.o
                0x08008060                VL53L1_calc_timeout_register_values
 .text.VL53L1_encode_row_col
                0x08008152       0x4e ./Drivers/VL53L1X/core/src/vl53l1_core.o
                0x08008152                VL53L1_encode_row_col
 .text.VL53L1_decode_zone_size
                0x080081a0       0x30 ./Drivers/VL53L1X/core/src/vl53l1_core.o
                0x080081a0                VL53L1_decode_zone_size
 .text.VL53L1_encode_zone_size
                0x080081d0       0x2c ./Drivers/VL53L1X/core/src/vl53l1_core.o
                0x080081d0                VL53L1_encode_zone_size
 .text.VL53L1_low_power_auto_data_init
                0x080081fc       0x68 ./Drivers/VL53L1X/core/src/vl53l1_core.o
                0x080081fc                VL53L1_low_power_auto_data_init
 .text.VL53L1_config_low_power_auto_mode
                0x08008264       0x32 ./Drivers/VL53L1X/core/src/vl53l1_core.o
                0x08008264                VL53L1_config_low_power_auto_mode
 .text.VL53L1_low_power_auto_setup_manual_calibration
                0x08008296       0x8a ./Drivers/VL53L1X/core/src/vl53l1_core.o
                0x08008296                VL53L1_low_power_auto_setup_manual_calibration
 .text.VL53L1_calc_pll_period_us
                0x08008320       0x28 ./Drivers/VL53L1X/core/src/vl53l1_core_support.o
                0x08008320                VL53L1_calc_pll_period_us
 .text.VL53L1_decode_vcsel_period
                0x08008348       0x26 ./Drivers/VL53L1X/core/src/vl53l1_core_support.o
                0x08008348                VL53L1_decode_vcsel_period
 .text.VL53L1_decode_row_col
                0x0800836e       0x5e ./Drivers/VL53L1X/core/src/vl53l1_core_support.o
                0x0800836e                VL53L1_decode_row_col
 .text.VL53L1_i2c_encode_static_nvm_managed
                0x080083cc       0xb6 ./Drivers/VL53L1X/core/src/vl53l1_register_funcs.o
                0x080083cc                VL53L1_i2c_encode_static_nvm_managed
 .text.VL53L1_i2c_decode_static_nvm_managed
                0x08008482       0xb4 ./Drivers/VL53L1X/core/src/vl53l1_register_funcs.o
                0x08008482                VL53L1_i2c_decode_static_nvm_managed
 .text.VL53L1_get_static_nvm_managed
                0x08008536       0x4e ./Drivers/VL53L1X/core/src/vl53l1_register_funcs.o
                0x08008536                VL53L1_get_static_nvm_managed
 .text.VL53L1_i2c_encode_customer_nvm_managed
                0x08008584      0x114 ./Drivers/VL53L1X/core/src/vl53l1_register_funcs.o
                0x08008584                VL53L1_i2c_encode_customer_nvm_managed
 .text.VL53L1_i2c_decode_customer_nvm_managed
                0x08008698      0x11a ./Drivers/VL53L1X/core/src/vl53l1_register_funcs.o
                0x08008698                VL53L1_i2c_decode_customer_nvm_managed
 .text.VL53L1_get_customer_nvm_managed
                0x080087b2       0x4e ./Drivers/VL53L1X/core/src/vl53l1_register_funcs.o
                0x080087b2                VL53L1_get_customer_nvm_managed
 .text.VL53L1_i2c_encode_static_config
                0x08008800      0x1c6 ./Drivers/VL53L1X/core/src/vl53l1_register_funcs.o
                0x08008800                VL53L1_i2c_encode_static_config
 .text.VL53L1_i2c_encode_general_config
                0x080089c6      0x108 ./Drivers/VL53L1X/core/src/vl53l1_register_funcs.o
                0x080089c6                VL53L1_i2c_encode_general_config
 .text.VL53L1_i2c_encode_timing_config
                0x08008ace      0x104 ./Drivers/VL53L1X/core/src/vl53l1_register_funcs.o
                0x08008ace                VL53L1_i2c_encode_timing_config
 .text.VL53L1_i2c_encode_dynamic_config
                0x08008bd2      0x10a ./Drivers/VL53L1X/core/src/vl53l1_register_funcs.o
                0x08008bd2                VL53L1_i2c_encode_dynamic_config
 .text.VL53L1_i2c_encode_system_control
                0x08008cdc       0x76 ./Drivers/VL53L1X/core/src/vl53l1_register_funcs.o
                0x08008cdc                VL53L1_i2c_encode_system_control
 .text.VL53L1_i2c_decode_system_results
                0x08008d52      0x1ec ./Drivers/VL53L1X/core/src/vl53l1_register_funcs.o
                0x08008d52                VL53L1_i2c_decode_system_results
 .text.VL53L1_i2c_decode_core_results
                0x08008f3e       0xc2 ./Drivers/VL53L1X/core/src/vl53l1_register_funcs.o
                0x08008f3e                VL53L1_i2c_decode_core_results
 .text.VL53L1_i2c_decode_debug_results
                0x08009000      0x2e4 ./Drivers/VL53L1X/core/src/vl53l1_register_funcs.o
                0x08009000                VL53L1_i2c_decode_debug_results
 .text.VL53L1_i2c_decode_nvm_copy_data
                0x080092e4      0x24c ./Drivers/VL53L1X/core/src/vl53l1_register_funcs.o
                0x080092e4                VL53L1_i2c_decode_nvm_copy_data
 .text.VL53L1_get_nvm_copy_data
                0x08009530       0x56 ./Drivers/VL53L1X/core/src/vl53l1_register_funcs.o
                0x08009530                VL53L1_get_nvm_copy_data
 .text.VL53L1_wait_for_boot_completion
                0x08009586       0x70 ./Drivers/VL53L1X/core/src/vl53l1_wait.o
                0x08009586                VL53L1_wait_for_boot_completion
 .text.VL53L1_is_boot_complete
                0x080095f6       0x58 ./Drivers/VL53L1X/core/src/vl53l1_wait.o
                0x080095f6                VL53L1_is_boot_complete
 .text.VL53L1_is_new_data_ready
                0x0800964e       0x72 ./Drivers/VL53L1X/core/src/vl53l1_wait.o
                0x0800964e                VL53L1_is_new_data_ready
 .text.VL53L1_poll_for_boot_completion
                0x080096c0       0x58 ./Drivers/VL53L1X/core/src/vl53l1_wait.o
                0x080096c0                VL53L1_poll_for_boot_completion
 .text._I2CWrite
                0x08009718       0x3e ./Drivers/VL53L1X/platform/src/vl53l1_platform.o
                0x08009718                _I2CWrite
 .text._I2CRead
                0x08009756       0x44 ./Drivers/VL53L1X/platform/src/vl53l1_platform.o
                0x08009756                _I2CRead
 *fill*         0x0800979a        0x2 
 .text.VL53L1_WriteMulti
                0x0800979c       0x6c ./Drivers/VL53L1X/platform/src/vl53l1_platform.o
                0x0800979c                VL53L1_WriteMulti
 .text.VL53L1_ReadMulti
                0x08009808       0x6c ./Drivers/VL53L1X/platform/src/vl53l1_platform.o
                0x08009808                VL53L1_ReadMulti
 .text.VL53L1_WrByte
                0x08009874       0x54 ./Drivers/VL53L1X/platform/src/vl53l1_platform.o
                0x08009874                VL53L1_WrByte
 .text.VL53L1_RdByte
                0x080098c8       0x68 ./Drivers/VL53L1X/platform/src/vl53l1_platform.o
                0x080098c8                VL53L1_RdByte
 .text.VL53L1_RdWord
                0x08009930       0x7c ./Drivers/VL53L1X/platform/src/vl53l1_platform.o
                0x08009930                VL53L1_RdWord
 .text.VL53L1_GetTickCount
                0x080099ac       0x22 ./Drivers/VL53L1X/platform/src/vl53l1_platform.o
                0x080099ac                VL53L1_GetTickCount
 .text.VL53L1_WaitMs
                0x080099ce       0x1c ./Drivers/VL53L1X/platform/src/vl53l1_platform.o
                0x080099ce                VL53L1_WaitMs
 *fill*         0x080099ea        0x2 
 .text.VL53L1_WaitUs
                0x080099ec       0x2c ./Drivers/VL53L1X/platform/src/vl53l1_platform.o
                0x080099ec                VL53L1_WaitUs
 .text.VL53L1_WaitValueMaskEx
                0x08009a18      0x154 ./Drivers/VL53L1X/platform/src/vl53l1_platform.o
                0x08009a18                VL53L1_WaitValueMaskEx
 .text.__cvt    0x08009b6c       0xca /opt/st/stm32cubeide_1.15.0/plugins/com.st.stm32cube.ide.mcu.externaltools.gnu-tools-for-stm32.12.3.rel1.linux64_1.0.100.202403111256/tools/bin/../lib/gcc/arm-none-eabi/12.3.1/../../../../arm-none-eabi/lib/thumb/v7e-m+fp/hard/libc_nano.a(libc_a-nano-vfprintf_float.o)
                0x08009b6c                __cvt
 .text.__exponent
                0x08009c36       0x74 /opt/st/stm32cubeide_1.15.0/plugins/com.st.stm32cube.ide.mcu.externaltools.gnu-tools-for-stm32.12.3.rel1.linux64_1.0.100.202403111256/tools/bin/../lib/gcc/arm-none-eabi/12.3.1/../../../../arm-none-eabi/lib/thumb/v7e-m+fp/hard/libc_nano.a(libc_a-nano-vfprintf_float.o)
                0x08009c36                __exponent
 *fill*         0x08009caa        0x2 
 .text._printf_float
                0x08009cac      0x454 /opt/st/stm32cubeide_1.15.0/plugins/com.st.stm32cube.ide.mcu.externaltools.gnu-tools-for-stm32.12.3.rel1.linux64_1.0.100.202403111256/tools/bin/../lib/gcc/arm-none-eabi/12.3.1/../../../../arm-none-eabi/lib/thumb/v7e-m+fp/hard/libc_nano.a(libc_a-nano-vfprintf_float.o)
                0x08009cac                _printf_float
 .text._printf_common
                0x0800a100       0xda /opt/st/stm32cubeide_1.15.0/plugins/com.st.stm32cube.ide.mcu.externaltools.gnu-tools-for-stm32.12.3.rel1.linux64_1.0.100.202403111256/tools/bin/../lib/gcc/arm-none-eabi/12.3.1/../../../../arm-none-eabi/lib/thumb/v7e-m+fp/hard/libc_nano.a(libc_a-nano-vfprintf_i.o)
                0x0800a100                _printf_common
 *fill*         0x0800a1da        0x2 
 .text._printf_i
                0x0800a1dc      0x240 /opt/st/stm32cubeide_1.15.0/plugins/com.st.stm32cube.ide.mcu.externaltools.gnu-tools-for-stm32.12.3.rel1.linux64_1.0.100.202403111256/tools/bin/../lib/gcc/arm-none-eabi/12.3.1/../../../../arm-none-eabi/lib/thumb/v7e-m+fp/hard/libc_nano.a(libc_a-nano-vfprintf_i.o)
                0x0800a1dc                _printf_i
 .text.std      0x0800a41c       0x6c /opt/st/stm32cubeide_1.15.0/plugins/com.st.stm32cube.ide.mcu.externaltools.gnu-tools-for-stm32.12.3.rel1.linux64_1.0.100.202403111256/tools/bin/../lib/gcc/arm-none-eabi/12.3.1/../../../../arm-none-eabi/lib/thumb/v7e-m+fp/hard/libc_nano.a(libc_a-findfp.o)
 .text.stdio_exit_handler
                0x0800a488       0x18 /opt/st/stm32cubeide_1.15.0/plugins/com.st.stm32cube.ide.mcu.externaltools.gnu-tools-for-stm32.12.3.rel1.linux64_1.0.100.202403111256/tools/bin/../lib/gcc/arm-none-eabi/12.3.1/../../../../arm-none-eabi/lib/thumb/v7e-m+fp/hard/libc_nano.a(libc_a-findfp.o)
 .text.cleanup_stdio
                0x0800a4a0       0x40 /opt/st/stm32cubeide_1.15.0/plugins/com.st.stm32cube.ide.mcu.externaltools.gnu-tools-for-stm32.12.3.rel1.linux64_1.0.100.202403111256/tools/bin/../lib/gcc/arm-none-eabi/12.3.1/../../../../arm-none-eabi/lib/thumb/v7e-m+fp/hard/libc_nano.a(libc_a-findfp.o)
 .text.global_stdio_init.part.0
                0x0800a4e0       0x3c /opt/st/stm32cubeide_1.15.0/plugins/com.st.stm32cube.ide.mcu.externaltools.gnu-tools-for-stm32.12.3.rel1.linux64_1.0.100.202403111256/tools/bin/../lib/gcc/arm-none-eabi/12.3.1/../../../../arm-none-eabi/lib/thumb/v7e-m+fp/hard/libc_nano.a(libc_a-findfp.o)
 .text.__sfp_lock_acquire
                0x0800a51c        0xc /opt/st/stm32cubeide_1.15.0/plugins/com.st.stm32cube.ide.mcu.externaltools.gnu-tools-for-stm32.12.3.rel1.linux64_1.0.100.202403111256/tools/bin/../lib/gcc/arm-none-eabi/12.3.1/../../../../arm-none-eabi/lib/thumb/v7e-m+fp/hard/libc_nano.a(libc_a-findfp.o)
                0x0800a51c                __sfp_lock_acquire
 .text.__sfp_lock_release
                0x0800a528        0xc /opt/st/stm32cubeide_1.15.0/plugins/com.st.stm32cube.ide.mcu.externaltools.gnu-tools-for-stm32.12.3.rel1.linux64_1.0.100.202403111256/tools/bin/../lib/gcc/arm-none-eabi/12.3.1/../../../../arm-none-eabi/lib/thumb/v7e-m+fp/hard/libc_nano.a(libc_a-findfp.o)
                0x0800a528                __sfp_lock_release
 .text.__sinit  0x0800a534       0x30 /opt/st/stm32cubeide_1.15.0/plugins/com.st.stm32cube.ide.mcu.externaltools.gnu-tools-for-stm32.12.3.rel1.linux64_1.0.100.202403111256/tools/bin/../lib/gcc/arm-none-eabi/12.3.1/../../../../arm-none-eabi/lib/thumb/v7e-m+fp/hard/libc_nano.a(libc_a-findfp.o)
                0x0800a534                __sinit
 .text._fwalk_sglue
                0x0800a564       0x3c /opt/st/stm32cubeide_1.15.0/plugins/com.st.stm32cube.ide.mcu.externaltools.gnu-tools-for-stm32.12.3.rel1.linux64_1.0.100.202403111256/tools/bin/../lib/gcc/arm-none-eabi/12.3.1/../../../../arm-none-eabi/lib/thumb/v7e-m+fp/hard/libc_nano.a(libc_a-fwalk.o)
                0x0800a564                _fwalk_sglue
 .text.printf   0x0800a5a0       0x24 /opt/st/stm32cubeide_1.15.0/plugins/com.st.stm32cube.ide.mcu.externaltools.gnu-tools-for-stm32.12.3.rel1.linux64_1.0.100.202403111256/tools/bin/../lib/gcc/arm-none-eabi/12.3.1/../../../../arm-none-eabi/lib/thumb/v7e-m+fp/hard/libc_nano.a(libc_a-printf.o)
                0x0800a5a0                printf
                0x0800a5a0                iprintf
 .text.setbuf   0x0800a5c4       0x10 /opt/st/stm32cubeide_1.15.0/plugins/com.st.stm32cube.ide.mcu.externaltools.gnu-tools-for-stm32.12.3.rel1.linux64_1.0.100.202403111256/tools/bin/../lib/gcc/arm-none-eabi/12.3.1/../../../../arm-none-eabi/lib/thumb/v7e-m+fp/hard/libc_nano.a(libc_a-setbuf.o)
                0x0800a5c4                setbuf
 .text.setvbuf  0x0800a5d4      0x168 /opt/st/stm32cubeide_1.15.0/plugins/com.st.stm32cube.ide.mcu.externaltools.gnu-tools-for-stm32.12.3.rel1.linux64_1.0.100.202403111256/tools/bin/../lib/gcc/arm-none-eabi/12.3.1/../../../../arm-none-eabi/lib/thumb/v7e-m+fp/hard/libc_nano.a(libc_a-setvbuf.o)
                0x0800a5d4                setvbuf
 .text.__sread  0x0800a73c       0x22 /opt/st/stm32cubeide_1.15.0/plugins/com.st.stm32cube.ide.mcu.externaltools.gnu-tools-for-stm32.12.3.rel1.linux64_1.0.100.202403111256/tools/bin/../lib/gcc/arm-none-eabi/12.3.1/../../../../arm-none-eabi/lib/thumb/v7e-m+fp/hard/libc_nano.a(libc_a-stdio.o)
                0x0800a73c                __sread
 .text.__swrite
                0x0800a75e       0x38 /opt/st/stm32cubeide_1.15.0/plugins/com.st.stm32cube.ide.mcu.externaltools.gnu-tools-for-stm32.12.3.rel1.linux64_1.0.100.202403111256/tools/bin/../lib/gcc/arm-none-eabi/12.3.1/../../../../arm-none-eabi/lib/thumb/v7e-m+fp/hard/libc_nano.a(libc_a-stdio.o)
                0x0800a75e                __swrite
 .text.__sseek  0x0800a796       0x24 /opt/st/stm32cubeide_1.15.0/plugins/com.st.stm32cube.ide.mcu.externaltools.gnu-tools-for-stm32.12.3.rel1.linux64_1.0.100.202403111256/tools/bin/../lib/gcc/arm-none-eabi/12.3.1/../../../../arm-none-eabi/lib/thumb/v7e-m+fp/hard/libc_nano.a(libc_a-stdio.o)
                0x0800a796                __sseek
 .text.__sclose
                0x0800a7ba        0x8 /opt/st/stm32cubeide_1.15.0/plugins/com.st.stm32cube.ide.mcu.externaltools.gnu-tools-for-stm32.12.3.rel1.linux64_1.0.100.202403111256/tools/bin/../lib/gcc/arm-none-eabi/12.3.1/../../../../arm-none-eabi/lib/thumb/v7e-m+fp/hard/libc_nano.a(libc_a-stdio.o)
                0x0800a7ba                __sclose
 .text.memset   0x0800a7c2       0x10 /opt/st/stm32cubeide_1.15.0/plugins/com.st.stm32cube.ide.mcu.externaltools.gnu-tools-for-stm32.12.3.rel1.linux64_1.0.100.202403111256/tools/bin/../lib/gcc/arm-none-eabi/12.3.1/../../../../arm-none-eabi/lib/thumb/v7e-m+fp/hard/libc_nano.a(libc_a-memset.o)
                0x0800a7c2                memset
 .text.strncpy  0x0800a7d2       0x26 /opt/st/stm32cubeide_1.15.0/plugins/com.st.stm32cube.ide.mcu.externaltools.gnu-tools-for-stm32.12.3.rel1.linux64_1.0.100.202403111256/tools/bin/../lib/gcc/arm-none-eabi/12.3.1/../../../../arm-none-eabi/lib/thumb/v7e-m+fp/hard/libc_nano.a(libc_a-strncpy.o)
                0x0800a7d2                strncpy
 .text._localeconv_r
                0x0800a7f8        0x8 /opt/st/stm32cubeide_1.15.0/plugins/com.st.stm32cube.ide.mcu.externaltools.gnu-tools-for-stm32.12.3.rel1.linux64_1.0.100.202403111256/tools/bin/../lib/gcc/arm-none-eabi/12.3.1/../../../../arm-none-eabi/lib/thumb/v7e-m+fp/hard/libc_nano.a(libc_a-localeconv.o)
                0x0800a7f8                _localeconv_r
 .text._close_r
                0x0800a800       0x20 /opt/st/stm32cubeide_1.15.0/plugins/com.st.stm32cube.ide.mcu.externaltools.gnu-tools-for-stm32.12.3.rel1.linux64_1.0.100.202403111256/tools/bin/../lib/gcc/arm-none-eabi/12.3.1/../../../../arm-none-eabi/lib/thumb/v7e-m+fp/hard/libc_nano.a(libc_a-closer.o)
                0x0800a800                _close_r
 .text._lseek_r
                0x0800a820       0x24 /opt/st/stm32cubeide_1.15.0/plugins/com.st.stm32cube.ide.mcu.externaltools.gnu-tools-for-stm32.12.3.rel1.linux64_1.0.100.202403111256/tools/bin/../lib/gcc/arm-none-eabi/12.3.1/../../../../arm-none-eabi/lib/thumb/v7e-m+fp/hard/libc_nano.a(libc_a-lseekr.o)
                0x0800a820                _lseek_r
 .text._read_r  0x0800a844       0x24 /opt/st/stm32cubeide_1.15.0/plugins/com.st.stm32cube.ide.mcu.externaltools.gnu-tools-for-stm32.12.3.rel1.linux64_1.0.100.202403111256/tools/bin/../lib/gcc/arm-none-eabi/12.3.1/../../../../arm-none-eabi/lib/thumb/v7e-m+fp/hard/libc_nano.a(libc_a-readr.o)
                0x0800a844                _read_r
 .text._write_r
                0x0800a868       0x24 /opt/st/stm32cubeide_1.15.0/plugins/com.st.stm32cube.ide.mcu.externaltools.gnu-tools-for-stm32.12.3.rel1.linux64_1.0.100.202403111256/tools/bin/../lib/gcc/arm-none-eabi/12.3.1/../../../../arm-none-eabi/lib/thumb/v7e-m+fp/hard/libc_nano.a(libc_a-writer.o)
                0x0800a868                _write_r
 .text.__errno  0x0800a88c        0xc /opt/st/stm32cubeide_1.15.0/plugins/com.st.stm32cube.ide.mcu.externaltools.gnu-tools-for-stm32.12.3.rel1.linux64_1.0.100.202403111256/tools/bin/../lib/gcc/arm-none-eabi/12.3.1/../../../../arm-none-eabi/lib/thumb/v7e-m+fp/hard/libc_nano.a(libc_a-errno.o)
                0x0800a88c                __errno
 .text.__libc_init_array
                0x0800a898       0x48 /opt/st/stm32cubeide_1.15.0/plugins/com.st.stm32cube.ide.mcu.externaltools.gnu-tools-for-stm32.12.3.rel1.linux64_1.0.100.202403111256/tools/bin/../lib/gcc/arm-none-eabi/12.3.1/../../../../arm-none-eabi/lib/thumb/v7e-m+fp/hard/libc_nano.a(libc_a-init.o)
                0x0800a898                __libc_init_array
 .text.__retarget_lock_init_recursive
                0x0800a8e0        0x2 /opt/st/stm32cubeide_1.15.0/plugins/com.st.stm32cube.ide.mcu.externaltools.gnu-tools-for-stm32.12.3.rel1.linux64_1.0.100.202403111256/tools/bin/../lib/gcc/arm-none-eabi/12.3.1/../../../../arm-none-eabi/lib/thumb/v7e-m+fp/hard/libc_nano.a(libc_a-lock.o)
                0x0800a8e0                __retarget_lock_init_recursive
 .text.__retarget_lock_acquire_recursive
                0x0800a8e2        0x2 /opt/st/stm32cubeide_1.15.0/plugins/com.st.stm32cube.ide.mcu.externaltools.gnu-tools-for-stm32.12.3.rel1.linux64_1.0.100.202403111256/tools/bin/../lib/gcc/arm-none-eabi/12.3.1/../../../../arm-none-eabi/lib/thumb/v7e-m+fp/hard/libc_nano.a(libc_a-lock.o)
                0x0800a8e2                __retarget_lock_acquire_recursive
 .text.__retarget_lock_release_recursive
                0x0800a8e4        0x2 /opt/st/stm32cubeide_1.15.0/plugins/com.st.stm32cube.ide.mcu.externaltools.gnu-tools-for-stm32.12.3.rel1.linux64_1.0.100.202403111256/tools/bin/../lib/gcc/arm-none-eabi/12.3.1/../../../../arm-none-eabi/lib/thumb/v7e-m+fp/hard/libc_nano.a(libc_a-lock.o)
                0x0800a8e4                __retarget_lock_release_recursive
 .text.memcpy   0x0800a8e6       0x1c /opt/st/stm32cubeide_1.15.0/plugins/com.st.stm32cube.ide.mcu.externaltools.gnu-tools-for-stm32.12.3.rel1.linux64_1.0.100.202403111256/tools/bin/../lib/gcc/arm-none-eabi/12.3.1/../../../../arm-none-eabi/lib/thumb/v7e-m+fp/hard/libc_nano.a(libc_a-memcpy-stub.o)
                0x0800a8e6                memcpy
 .text.quorem   0x0800a902      0x110 /opt/st/stm32cubeide_1.15.0/plugins/com.st.stm32cube.ide.mcu.externaltools.gnu-tools-for-stm32.12.3.rel1.linux64_1.0.100.202403111256/tools/bin/../lib/gcc/arm-none-eabi/12.3.1/../../../../arm-none-eabi/lib/thumb/v7e-m+fp/hard/libc_nano.a(libc_a-dtoa.o)
 *fill*         0x0800aa12        0x6 
 .text._dtoa_r  0x0800aa18      0xb88 /opt/st/stm32cubeide_1.15.0/plugins/com.st.stm32cube.ide.mcu.externaltools.gnu-tools-for-stm32.12.3.rel1.linux64_1.0.100.202403111256/tools/bin/../lib/gcc/arm-none-eabi/12.3.1/../../../../arm-none-eabi/lib/thumb/v7e-m+fp/hard/libc_nano.a(libc_a-dtoa.o)
                0x0800aa18                _dtoa_r
 .text._free_r  0x0800b5a0       0x94 /opt/st/stm32cubeide_1.15.0/plugins/com.st.stm32cube.ide.mcu.externaltools.gnu-tools-for-stm32.12.3.rel1.linux64_1.0.100.202403111256/tools/bin/../lib/gcc/arm-none-eabi/12.3.1/../../../../arm-none-eabi/lib/thumb/v7e-m+fp/hard/libc_nano.a(libc_a-freer.o)
                0x0800b5a0                _free_r
 .text.malloc   0x0800b634       0x10 /opt/st/stm32cubeide_1.15.0/plugins/com.st.stm32cube.ide.mcu.externaltools.gnu-tools-for-stm32.12.3.rel1.linux64_1.0.100.202403111256/tools/bin/../lib/gcc/arm-none-eabi/12.3.1/../../../../arm-none-eabi/lib/thumb/v7e-m+fp/hard/libc_nano.a(libc_a-malloc.o)
                0x0800b634                malloc
 .text.sbrk_aligned
                0x0800b644       0x44 /opt/st/stm32cubeide_1.15.0/plugins/com.st.stm32cube.ide.mcu.externaltools.gnu-tools-for-stm32.12.3.rel1.linux64_1.0.100.202403111256/tools/bin/../lib/gcc/arm-none-eabi/12.3.1/../../../../arm-none-eabi/lib/thumb/v7e-m+fp/hard/libc_nano.a(libc_a-mallocr.o)
 .text._malloc_r
                0x0800b688      0x100 /opt/st/stm32cubeide_1.15.0/plugins/com.st.stm32cube.ide.mcu.externaltools.gnu-tools-for-stm32.12.3.rel1.linux64_1.0.100.202403111256/tools/bin/../lib/gcc/arm-none-eabi/12.3.1/../../../../arm-none-eabi/lib/thumb/v7e-m+fp/hard/libc_nano.a(libc_a-mallocr.o)
                0x0800b688                _malloc_r
 .text.__malloc_lock
                0x0800b788        0xc /opt/st/stm32cubeide_1.15.0/plugins/com.st.stm32cube.ide.mcu.externaltools.gnu-tools-for-stm32.12.3.rel1.linux64_1.0.100.202403111256/tools/bin/../lib/gcc/arm-none-eabi/12.3.1/../../../../arm-none-eabi/lib/thumb/v7e-m+fp/hard/libc_nano.a(libc_a-mlock.o)
                0x0800b788                __malloc_lock
 .text.__malloc_unlock
                0x0800b794        0xc /opt/st/stm32cubeide_1.15.0/plugins/com.st.stm32cube.ide.mcu.externaltools.gnu-tools-for-stm32.12.3.rel1.linux64_1.0.100.202403111256/tools/bin/../lib/gcc/arm-none-eabi/12.3.1/../../../../arm-none-eabi/lib/thumb/v7e-m+fp/hard/libc_nano.a(libc_a-mlock.o)
                0x0800b794                __malloc_unlock
 .text._Balloc  0x0800b7a0       0x80 /opt/st/stm32cubeide_1.15.0/plugins/com.st.stm32cube.ide.mcu.externaltools.gnu-tools-for-stm32.12.3.rel1.linux64_1.0.100.202403111256/tools/bin/../lib/gcc/arm-none-eabi/12.3.1/../../../../arm-none-eabi/lib/thumb/v7e-m+fp/hard/libc_nano.a(libc_a-mprec.o)
                0x0800b7a0                _Balloc
 .text._Bfree   0x0800b820       0x44 /opt/st/stm32cubeide_1.15.0/plugins/com.st.stm32cube.ide.mcu.externaltools.gnu-tools-for-stm32.12.3.rel1.linux64_1.0.100.202403111256/tools/bin/../lib/gcc/arm-none-eabi/12.3.1/../../../../arm-none-eabi/lib/thumb/v7e-m+fp/hard/libc_nano.a(libc_a-mprec.o)
                0x0800b820                _Bfree
 .text.__multadd
                0x0800b864       0x8c /opt/st/stm32cubeide_1.15.0/plugins/com.st.stm32cube.ide.mcu.externaltools.gnu-tools-for-stm32.12.3.rel1.linux64_1.0.100.202403111256/tools/bin/../lib/gcc/arm-none-eabi/12.3.1/../../../../arm-none-eabi/lib/thumb/v7e-m+fp/hard/libc_nano.a(libc_a-mprec.o)
                0x0800b864                __multadd
 .text.__hi0bits
                0x0800b8f0       0x3e /opt/st/stm32cubeide_1.15.0/plugins/com.st.stm32cube.ide.mcu.externaltools.gnu-tools-for-stm32.12.3.rel1.linux64_1.0.100.202403111256/tools/bin/../lib/gcc/arm-none-eabi/12.3.1/../../../../arm-none-eabi/lib/thumb/v7e-m+fp/hard/libc_nano.a(libc_a-mprec.o)
                0x0800b8f0                __hi0bits
 .text.__lo0bits
                0x0800b92e       0x5a /opt/st/stm32cubeide_1.15.0/plugins/com.st.stm32cube.ide.mcu.externaltools.gnu-tools-for-stm32.12.3.rel1.linux64_1.0.100.202403111256/tools/bin/../lib/gcc/arm-none-eabi/12.3.1/../../../../arm-none-eabi/lib/thumb/v7e-m+fp/hard/libc_nano.a(libc_a-mprec.o)
                0x0800b92e                __lo0bits
 .text.__i2b    0x0800b988       0x2c /opt/st/stm32cubeide_1.15.0/plugins/com.st.stm32cube.ide.mcu.externaltools.gnu-tools-for-stm32.12.3.rel1.linux64_1.0.100.202403111256/tools/bin/../lib/gcc/arm-none-eabi/12.3.1/../../../../arm-none-eabi/lib/thumb/v7e-m+fp/hard/libc_nano.a(libc_a-mprec.o)
                0x0800b988                __i2b
 .text.__multiply
                0x0800b9b4      0x154 /opt/st/stm32cubeide_1.15.0/plugins/com.st.stm32cube.ide.mcu.externaltools.gnu-tools-for-stm32.12.3.rel1.linux64_1.0.100.202403111256/tools/bin/../lib/gcc/arm-none-eabi/12.3.1/../../../../arm-none-eabi/lib/thumb/v7e-m+fp/hard/libc_nano.a(libc_a-mprec.o)
                0x0800b9b4                __multiply
 .text.__pow5mult
                0x0800bb08       0xb4 /opt/st/stm32cubeide_1.15.0/plugins/com.st.stm32cube.ide.mcu.externaltools.gnu-tools-for-stm32.12.3.rel1.linux64_1.0.100.202403111256/tools/bin/../lib/gcc/arm-none-eabi/12.3.1/../../../../arm-none-eabi/lib/thumb/v7e-m+fp/hard/libc_nano.a(libc_a-mprec.o)
                0x0800bb08                __pow5mult
 .text.__lshift
                0x0800bbbc       0xd8 /opt/st/stm32cubeide_1.15.0/plugins/com.st.stm32cube.ide.mcu.externaltools.gnu-tools-for-stm32.12.3.rel1.linux64_1.0.100.202403111256/tools/bin/../lib/gcc/arm-none-eabi/12.3.1/../../../../arm-none-eabi/lib/thumb/v7e-m+fp/hard/libc_nano.a(libc_a-mprec.o)
                0x0800bbbc                __lshift
 .text.__mcmp   0x0800bc94       0x36 /opt/st/stm32cubeide_1.15.0/plugins/com.st.stm32cube.ide.mcu.externaltools.gnu-tools-for-stm32.12.3.rel1.linux64_1.0.100.202403111256/tools/bin/../lib/gcc/arm-none-eabi/12.3.1/../../../../arm-none-eabi/lib/thumb/v7e-m+fp/hard/libc_nano.a(libc_a-mprec.o)
                0x0800bc94                __mcmp
 *fill*         0x0800bcca        0x2 
 .text.__mdiff  0x0800bccc      0x128 /opt/st/stm32cubeide_1.15.0/plugins/com.st.stm32cube.ide.mcu.externaltools.gnu-tools-for-stm32.12.3.rel1.linux64_1.0.100.202403111256/tools/bin/../lib/gcc/arm-none-eabi/12.3.1/../../../../arm-none-eabi/lib/thumb/v7e-m+fp/hard/libc_nano.a(libc_a-mprec.o)
                0x0800bccc                __mdiff
 .text.__d2b    0x0800bdf4       0xb0 /opt/st/stm32cubeide_1.15.0/plugins/com.st.stm32cube.ide.mcu.externaltools.gnu-tools-for-stm32.12.3.rel1.linux64_1.0.100.202403111256/tools/bin/../lib/gcc/arm-none-eabi/12.3.1/../../../../arm-none-eabi/lib/thumb/v7e-m+fp/hard/libc_nano.a(libc_a-mprec.o)
                0x0800bdf4                __d2b
 .text.__sfputc_r
                0x0800bea4       0x2e /opt/st/stm32cubeide_1.15.0/plugins/com.st.stm32cube.ide.mcu.externaltools.gnu-tools-for-stm32.12.3.rel1.linux64_1.0.100.202403111256/tools/bin/../lib/gcc/arm-none-eabi/12.3.1/../../../../arm-none-eabi/lib/thumb/v7e-m+fp/hard/libc_nano.a(libc_a-nano-vfprintf.o)
 .text.__sfputs_r
                0x0800bed2       0x24 /opt/st/stm32cubeide_1.15.0/plugins/com.st.stm32cube.ide.mcu.externaltools.gnu-tools-for-stm32.12.3.rel1.linux64_1.0.100.202403111256/tools/bin/../lib/gcc/arm-none-eabi/12.3.1/../../../../arm-none-eabi/lib/thumb/v7e-m+fp/hard/libc_nano.a(libc_a-nano-vfprintf.o)
                0x0800bed2                __sfputs_r
 *fill*         0x0800bef6        0x2 
 .text._vfprintf_r
                0x0800bef8      0x230 /opt/st/stm32cubeide_1.15.0/plugins/com.st.stm32cube.ide.mcu.externaltools.gnu-tools-for-stm32.12.3.rel1.linux64_1.0.100.202403111256/tools/bin/../lib/gcc/arm-none-eabi/12.3.1/../../../../arm-none-eabi/lib/thumb/v7e-m+fp/hard/libc_nano.a(libc_a-nano-vfprintf.o)
                0x0800bef8                _vfiprintf_r
                0x0800bef8                _vfprintf_r
 .text.__sflush_r
                0x0800c128      0x108 /opt/st/stm32cubeide_1.15.0/plugins/com.st.stm32cube.ide.mcu.externaltools.gnu-tools-for-stm32.12.3.rel1.linux64_1.0.100.202403111256/tools/bin/../lib/gcc/arm-none-eabi/12.3.1/../../../../arm-none-eabi/lib/thumb/v7e-m+fp/hard/libc_nano.a(libc_a-fflush.o)
                0x0800c128                __sflush_r
 .text._fflush_r
                0x0800c230       0x50 /opt/st/stm32cubeide_1.15.0/plugins/com.st.stm32cube.ide.mcu.externaltools.gnu-tools-for-stm32.12.3.rel1.linux64_1.0.100.202403111256/tools/bin/../lib/gcc/arm-none-eabi/12.3.1/../../../../arm-none-eabi/lib/thumb/v7e-m+fp/hard/libc_nano.a(libc_a-fflush.o)
                0x0800c230                _fflush_r
 .text.__swhatbuf_r
                0x0800c280       0x4c /opt/st/stm32cubeide_1.15.0/plugins/com.st.stm32cube.ide.mcu.externaltools.gnu-tools-for-stm32.12.3.rel1.linux64_1.0.100.202403111256/tools/bin/../lib/gcc/arm-none-eabi/12.3.1/../../../../arm-none-eabi/lib/thumb/v7e-m+fp/hard/libc_nano.a(libc_a-makebuf.o)
                0x0800c280                __swhatbuf_r
 .text.__smakebuf_r
                0x0800c2cc       0x78 /opt/st/stm32cubeide_1.15.0/plugins/com.st.stm32cube.ide.mcu.externaltools.gnu-tools-for-stm32.12.3.rel1.linux64_1.0.100.202403111256/tools/bin/../lib/gcc/arm-none-eabi/12.3.1/../../../../arm-none-eabi/lib/thumb/v7e-m+fp/hard/libc_nano.a(libc_a-makebuf.o)
                0x0800c2cc                __smakebuf_r
 .text.__swbuf_r
                0x0800c344       0x7c /opt/st/stm32cubeide_1.15.0/plugins/com.st.stm32cube.ide.mcu.externaltools.gnu-tools-for-stm32.12.3.rel1.linux64_1.0.100.202403111256/tools/bin/../lib/gcc/arm-none-eabi/12.3.1/../../../../arm-none-eabi/lib/thumb/v7e-m+fp/hard/libc_nano.a(libc_a-wbuf.o)
                0x0800c344                __swbuf_r
 .text.__swsetup_r
                0x0800c3c0       0xac /opt/st/stm32cubeide_1.15.0/plugins/com.st.stm32cube.ide.mcu.externaltools.gnu-tools-for-stm32.12.3.rel1.linux64_1.0.100.202403111256/tools/bin/../lib/gcc/arm-none-eabi/12.3.1/../../../../arm-none-eabi/lib/thumb/v7e-m+fp/hard/libc_nano.a(libc_a-wsetup.o)
                0x0800c3c0                __swsetup_r
 .text._fstat_r
                0x0800c46c       0x24 /opt/st/stm32cubeide_1.15.0/plugins/com.st.stm32cube.ide.mcu.externaltools.gnu-tools-for-stm32.12.3.rel1.linux64_1.0.100.202403111256/tools/bin/../lib/gcc/arm-none-eabi/12.3.1/../../../../arm-none-eabi/lib/thumb/v7e-m+fp/hard/libc_nano.a(libc_a-fstatr.o)
                0x0800c46c                _fstat_r
 .text._isatty_r
                0x0800c490       0x20 /opt/st/stm32cubeide_1.15.0/plugins/com.st.stm32cube.ide.mcu.externaltools.gnu-tools-for-stm32.12.3.rel1.linux64_1.0.100.202403111256/tools/bin/../lib/gcc/arm-none-eabi/12.3.1/../../../../arm-none-eabi/lib/thumb/v7e-m+fp/hard/libc_nano.a(libc_a-isattyr.o)
                0x0800c490                _isatty_r
 .text._sbrk_r  0x0800c4b0       0x20 /opt/st/stm32cubeide_1.15.0/plugins/com.st.stm32cube.ide.mcu.externaltools.gnu-tools-for-stm32.12.3.rel1.linux64_1.0.100.202403111256/tools/bin/../lib/gcc/arm-none-eabi/12.3.1/../../../../arm-none-eabi/lib/thumb/v7e-m+fp/hard/libc_nano.a(libc_a-sbrkr.o)
                0x0800c4b0                _sbrk_r
 .text.__assert_func
                0x0800c4d0       0x3c /opt/st/stm32cubeide_1.15.0/plugins/com.st.stm32cube.ide.mcu.externaltools.gnu-tools-for-stm32.12.3.rel1.linux64_1.0.100.202403111256/tools/bin/../lib/gcc/arm-none-eabi/12.3.1/../../../../arm-none-eabi/lib/thumb/v7e-m+fp/hard/libc_nano.a(libc_a-assert.o)
                0x0800c4d0                __assert_func
 .text._calloc_r
                0x0800c50c       0x28 /opt/st/stm32cubeide_1.15.0/plugins/com.st.stm32cube.ide.mcu.externaltools.gnu-tools-for-stm32.12.3.rel1.linux64_1.0.100.202403111256/tools/bin/../lib/gcc/arm-none-eabi/12.3.1/../../../../arm-none-eabi/lib/thumb/v7e-m+fp/hard/libc_nano.a(libc_a-callocr.o)
                0x0800c50c                _calloc_r
 .text.__ascii_mbtowc
                0x0800c534       0x24 /opt/st/stm32cubeide_1.15.0/plugins/com.st.stm32cube.ide.mcu.externaltools.gnu-tools-for-stm32.12.3.rel1.linux64_1.0.100.202403111256/tools/bin/../lib/gcc/arm-none-eabi/12.3.1/../../../../arm-none-eabi/lib/thumb/v7e-m+fp/hard/libc_nano.a(libc_a-mbtowc_r.o)
                0x0800c534                __ascii_mbtowc
 .text.__ascii_wctomb
                0x0800c558       0x1a /opt/st/stm32cubeide_1.15.0/plugins/com.st.stm32cube.ide.mcu.externaltools.gnu-tools-for-stm32.12.3.rel1.linux64_1.0.100.202403111256/tools/bin/../lib/gcc/arm-none-eabi/12.3.1/../../../../arm-none-eabi/lib/thumb/v7e-m+fp/hard/libc_nano.a(libc_a-wctomb_r.o)
                0x0800c558                __ascii_wctomb
 *fill*         0x0800c572        0x2 
 .text.fprintf  0x0800c574       0x24 /opt/st/stm32cubeide_1.15.0/plugins/com.st.stm32cube.ide.mcu.externaltools.gnu-tools-for-stm32.12.3.rel1.linux64_1.0.100.202403111256/tools/bin/../lib/gcc/arm-none-eabi/12.3.1/../../../../arm-none-eabi/lib/thumb/v7e-m+fp/hard/libc_nano.a(libc_a-fprintf.o)
                0x0800c574                fprintf
                0x0800c574                fiprintf
 .text.abort    0x0800c598        0xe /opt/st/stm32cubeide_1.15.0/plugins/com.st.stm32cube.ide.mcu.externaltools.gnu-tools-for-stm32.12.3.rel1.linux64_1.0.100.202403111256/tools/bin/../lib/gcc/arm-none-eabi/12.3.1/../../../../arm-none-eabi/lib/thumb/v7e-m+fp/hard/libc_nano.a(libc_a-abort.o)
                0x0800c598                abort
 .text._raise_r
                0x0800c5a6       0x50 /opt/st/stm32cubeide_1.15.0/plugins/com.st.stm32cube.ide.mcu.externaltools.gnu-tools-for-stm32.12.3.rel1.linux64_1.0.100.202403111256/tools/bin/../lib/gcc/arm-none-eabi/12.3.1/../../../../arm-none-eabi/lib/thumb/v7e-m+fp/hard/libc_nano.a(libc_a-signal.o)
                0x0800c5a6                _raise_r
 *fill*         0x0800c5f6        0x2 
 .text.raise    0x0800c5f8       0x10 /opt/st/stm32cubeide_1.15.0/plugins/com.st.stm32cube.ide.mcu.externaltools.gnu-tools-for-stm32.12.3.rel1.linux64_1.0.100.202403111256/tools/bin/../lib/gcc/arm-none-eabi/12.3.1/../../../../arm-none-eabi/lib/thumb/v7e-m+fp/hard/libc_nano.a(libc_a-signal.o)
                0x0800c5f8                raise
 .text._kill_r  0x0800c608       0x24 /opt/st/stm32cubeide_1.15.0/plugins/com.st.stm32cube.ide.mcu.externaltools.gnu-tools-for-stm32.12.3.rel1.linux64_1.0.100.202403111256/tools/bin/../lib/gcc/arm-none-eabi/12.3.1/../../../../arm-none-eabi/lib/thumb/v7e-m+fp/hard/libc_nano.a(libc_a-signalr.o)
                0x0800c608                _kill_r
 .text._getpid_r
                0x0800c62c        0x4 /opt/st/stm32cubeide_1.15.0/plugins/com.st.stm32cube.ide.mcu.externaltools.gnu-tools-for-stm32.12.3.rel1.linux64_1.0.100.202403111256/tools/bin/../lib/gcc/arm-none-eabi/12.3.1/../../../../arm-none-eabi/lib/thumb/v7e-m+fp/hard/libc_nano.a(libc_a-signalr.o)
                0x0800c62c                _getpid_r
 *(.glue_7)
 .glue_7        0x0800c630        0x0 linker stubs
 *(.glue_7t)
 .glue_7t       0x0800c630        0x0 linker stubs
 *(.eh_frame)
 .eh_frame      0x0800c630        0x0 /opt/st/stm32cubeide_1.15.0/plugins/com.st.stm32cube.ide.mcu.externaltools.gnu-tools-for-stm32.12.3.rel1.linux64_1.0.100.202403111256/tools/bin/../lib/gcc/arm-none-eabi/12.3.1/thumb/v7e-m+fp/hard/crtbegin.o
 *(.init)
 .init          0x0800c630        0x4 /opt/st/stm32cubeide_1.15.0/plugins/com.st.stm32cube.ide.mcu.externaltools.gnu-tools-for-stm32.12.3.rel1.linux64_1.0.100.202403111256/tools/bin/../lib/gcc/arm-none-eabi/12.3.1/thumb/v7e-m+fp/hard/crti.o
                0x0800c630                _init
 .init          0x0800c634        0x8 /opt/st/stm32cubeide_1.15.0/plugins/com.st.stm32cube.ide.mcu.externaltools.gnu-tools-for-stm32.12.3.rel1.linux64_1.0.100.202403111256/tools/bin/../lib/gcc/arm-none-eabi/12.3.1/thumb/v7e-m+fp/hard/crtn.o
 *(.fini)
 .fini          0x0800c63c        0x4 /opt/st/stm32cubeide_1.15.0/plugins/com.st.stm32cube.ide.mcu.externaltools.gnu-tools-for-stm32.12.3.rel1.linux64_1.0.100.202403111256/tools/bin/../lib/gcc/arm-none-eabi/12.3.1/thumb/v7e-m+fp/hard/crti.o
                0x0800c63c                _fini
 .fini          0x0800c640        0x8 /opt/st/stm32cubeide_1.15.0/plugins/com.st.stm32cube.ide.mcu.externaltools.gnu-tools-for-stm32.12.3.rel1.linux64_1.0.100.202403111256/tools/bin/../lib/gcc/arm-none-eabi/12.3.1/thumb/v7e-m+fp/hard/crtn.o
                0x0800c648                        . = ALIGN (0x4)
                0x0800c648                        _etext = .

.vfp11_veneer   0x0800c648        0x0
 .vfp11_veneer  0x0800c648        0x0 linker stubs

.v4_bx          0x0800c648        0x0
 .v4_bx         0x0800c648        0x0 linker stubs

.iplt           0x0800c648        0x0
 .iplt          0x0800c648        0x0 /opt/st/stm32cubeide_1.15.0/plugins/com.st.stm32cube.ide.mcu.externaltools.gnu-tools-for-stm32.12.3.rel1.linux64_1.0.100.202403111256/tools/bin/../lib/gcc/arm-none-eabi/12.3.1/thumb/v7e-m+fp/hard/crtbegin.o

.rodata         0x0800c648      0x498
                0x0800c648                        . = ALIGN (0x4)
 *(.rodata)
 .rodata        0x0800c648       0xb3 ./Core/Src/main.o
 *fill*         0x0800c6fb        0x1 
 .rodata        0x0800c6fc       0x37 ./Drivers/VL53L1X/core/src/vl53l1_api.o
 *fill*         0x0800c733        0x1 
 .rodata        0x0800c734        0x1 ./Drivers/VL53L1X/platform/src/vl53l1_platform.o
 *(.rodata*)
 *fill*         0x0800c735        0x3 
 .rodata.AHBPrescTable
                0x0800c738       0x10 ./Core/Src/system_stm32f3xx.o
                0x0800c738                AHBPrescTable
 .rodata.APBPrescTable
                0x0800c748        0x8 ./Core/Src/system_stm32f3xx.o
                0x0800c748                APBPrescTable
 .rodata.aPLLMULFactorTable
                0x0800c750       0x10 ./Drivers/STM32F3xx_HAL_Driver/Src/stm32f3xx_hal_rcc.o
 .rodata.aPredivFactorTable
                0x0800c760       0x10 ./Drivers/STM32F3xx_HAL_Driver/Src/stm32f3xx_hal_rcc.o
 .rodata._printf_float.str1.1
                0x0800c770       0x12 /opt/st/stm32cubeide_1.15.0/plugins/com.st.stm32cube.ide.mcu.externaltools.gnu-tools-for-stm32.12.3.rel1.linux64_1.0.100.202403111256/tools/bin/../lib/gcc/arm-none-eabi/12.3.1/../../../../arm-none-eabi/lib/thumb/v7e-m+fp/hard/libc_nano.a(libc_a-nano-vfprintf_float.o)
 .rodata._printf_i.str1.1
                0x0800c782       0x22 /opt/st/stm32cubeide_1.15.0/plugins/com.st.stm32cube.ide.mcu.externaltools.gnu-tools-for-stm32.12.3.rel1.linux64_1.0.100.202403111256/tools/bin/../lib/gcc/arm-none-eabi/12.3.1/../../../../arm-none-eabi/lib/thumb/v7e-m+fp/hard/libc_nano.a(libc_a-nano-vfprintf_i.o)
 .rodata._dtoa_r.str1.1
                0x0800c7a4       0x8d /opt/st/stm32cubeide_1.15.0/plugins/com.st.stm32cube.ide.mcu.externaltools.gnu-tools-for-stm32.12.3.rel1.linux64_1.0.100.202403111256/tools/bin/../lib/gcc/arm-none-eabi/12.3.1/../../../../arm-none-eabi/lib/thumb/v7e-m+fp/hard/libc_nano.a(libc_a-dtoa.o)
                                 0x8f (size before relaxing)
 .rodata._Balloc.str1.1
                0x0800c831       0x59 /opt/st/stm32cubeide_1.15.0/plugins/com.st.stm32cube.ide.mcu.externaltools.gnu-tools-for-stm32.12.3.rel1.linux64_1.0.100.202403111256/tools/bin/../lib/gcc/arm-none-eabi/12.3.1/../../../../arm-none-eabi/lib/thumb/v7e-m+fp/hard/libc_nano.a(libc_a-mprec.o)
                                 0x70 (size before relaxing)
 .rodata.__multadd.str1.1
                0x0800c88a       0x11 /opt/st/stm32cubeide_1.15.0/plugins/com.st.stm32cube.ide.mcu.externaltools.gnu-tools-for-stm32.12.3.rel1.linux64_1.0.100.202403111256/tools/bin/../lib/gcc/arm-none-eabi/12.3.1/../../../../arm-none-eabi/lib/thumb/v7e-m+fp/hard/libc_nano.a(libc_a-mprec.o)
 *fill*         0x0800c88a        0x2 
 .rodata.p05.0  0x0800c88c        0xc /opt/st/stm32cubeide_1.15.0/plugins/com.st.stm32cube.ide.mcu.externaltools.gnu-tools-for-stm32.12.3.rel1.linux64_1.0.100.202403111256/tools/bin/../lib/gcc/arm-none-eabi/12.3.1/../../../../arm-none-eabi/lib/thumb/v7e-m+fp/hard/libc_nano.a(libc_a-mprec.o)
 .rodata.__mprec_bigtens
                0x0800c898       0x28 /opt/st/stm32cubeide_1.15.0/plugins/com.st.stm32cube.ide.mcu.externaltools.gnu-tools-for-stm32.12.3.rel1.linux64_1.0.100.202403111256/tools/bin/../lib/gcc/arm-none-eabi/12.3.1/../../../../arm-none-eabi/lib/thumb/v7e-m+fp/hard/libc_nano.a(libc_a-mprec.o)
                0x0800c898                __mprec_bigtens
 .rodata.__mprec_tens
                0x0800c8c0       0xc8 /opt/st/stm32cubeide_1.15.0/plugins/com.st.stm32cube.ide.mcu.externaltools.gnu-tools-for-stm32.12.3.rel1.linux64_1.0.100.202403111256/tools/bin/../lib/gcc/arm-none-eabi/12.3.1/../../../../arm-none-eabi/lib/thumb/v7e-m+fp/hard/libc_nano.a(libc_a-mprec.o)
                0x0800c8c0                __mprec_tens
 .rodata._vfprintf_r.str1.1
                0x0800c988       0x11 /opt/st/stm32cubeide_1.15.0/plugins/com.st.stm32cube.ide.mcu.externaltools.gnu-tools-for-stm32.12.3.rel1.linux64_1.0.100.202403111256/tools/bin/../lib/gcc/arm-none-eabi/12.3.1/../../../../arm-none-eabi/lib/thumb/v7e-m+fp/hard/libc_nano.a(libc_a-nano-vfprintf.o)
 .rodata._setlocale_r.str1.1
                0x0800c999        0x8 /opt/st/stm32cubeide_1.15.0/plugins/com.st.stm32cube.ide.mcu.externaltools.gnu-tools-for-stm32.12.3.rel1.linux64_1.0.100.202403111256/tools/bin/../lib/gcc/arm-none-eabi/12.3.1/../../../../arm-none-eabi/lib/thumb/v7e-m+fp/hard/libc_nano.a(libc_a-locale.o)
                                  0x9 (size before relaxing)
 .rodata.str1.1
                0x0800c9a1        0x2 /opt/st/stm32cubeide_1.15.0/plugins/com.st.stm32cube.ide.mcu.externaltools.gnu-tools-for-stm32.12.3.rel1.linux64_1.0.100.202403111256/tools/bin/../lib/gcc/arm-none-eabi/12.3.1/../../../../arm-none-eabi/lib/thumb/v7e-m+fp/hard/libc_nano.a(libc_a-locale.o)
 .rodata.__assert_func.str1.1
                0x0800c9a3       0x3c /opt/st/stm32cubeide_1.15.0/plugins/com.st.stm32cube.ide.mcu.externaltools.gnu-tools-for-stm32.12.3.rel1.linux64_1.0.100.202403111256/tools/bin/../lib/gcc/arm-none-eabi/12.3.1/../../../../arm-none-eabi/lib/thumb/v7e-m+fp/hard/libc_nano.a(libc_a-assert.o)
                                 0x3d (size before relaxing)
 .rodata._ctype_
                0x0800c9df      0x101 /opt/st/stm32cubeide_1.15.0/plugins/com.st.stm32cube.ide.mcu.externaltools.gnu-tools-for-stm32.12.3.rel1.linux64_1.0.100.202403111256/tools/bin/../lib/gcc/arm-none-eabi/12.3.1/../../../../arm-none-eabi/lib/thumb/v7e-m+fp/hard/libc_nano.a(libc_a-ctype_.o)
                0x0800c9df                _ctype_
                0x0800cae0                        . = ALIGN (0x4)

.ARM.extab      0x0800cae0        0x0
                0x0800cae0                        . = ALIGN (0x4)
 *(.ARM.extab* .gnu.linkonce.armextab.*)
                0x0800cae0                        . = ALIGN (0x4)

.ARM            0x0800cae0        0x8
                0x0800cae0                        . = ALIGN (0x4)
                0x0800cae0                        __exidx_start = .
 *(.ARM.exidx*)
 .ARM.exidx     0x0800cae0        0x8 /opt/st/stm32cubeide_1.15.0/plugins/com.st.stm32cube.ide.mcu.externaltools.gnu-tools-for-stm32.12.3.rel1.linux64_1.0.100.202403111256/tools/bin/../lib/gcc/arm-none-eabi/12.3.1/../../../../arm-none-eabi/lib/thumb/v7e-m+fp/hard/libc_nano.a(libc_a-memchr.o)
 .ARM.exidx     0x0800cae8        0x0 /opt/st/stm32cubeide_1.15.0/plugins/com.st.stm32cube.ide.mcu.externaltools.gnu-tools-for-stm32.12.3.rel1.linux64_1.0.100.202403111256/tools/bin/../lib/gcc/arm-none-eabi/12.3.1/../../../../arm-none-eabi/lib/thumb/v7e-m+fp/hard/libc_nano.a(libc_a-strlen.o)
                                  0x8 (size before relaxing)
                0x0800cae8                        __exidx_end = .
                0x0800cae8                        . = ALIGN (0x4)

.preinit_array  0x0800cae8        0x0
                0x0800cae8                        . = ALIGN (0x4)
                0x0800cae8                        PROVIDE (__preinit_array_start = .)
 *(.preinit_array*)
                0x0800cae8                        PROVIDE (__preinit_array_end = .)
                0x0800cae8                        . = ALIGN (0x4)

.init_array     0x0800cae8        0x4
                0x0800cae8                        . = ALIGN (0x4)
                0x0800cae8                        PROVIDE (__init_array_start = .)
 *(SORT_BY_NAME(.init_array.*))
 *(.init_array*)
 .init_array    0x0800cae8        0x4 /opt/st/stm32cubeide_1.15.0/plugins/com.st.stm32cube.ide.mcu.externaltools.gnu-tools-for-stm32.12.3.rel1.linux64_1.0.100.202403111256/tools/bin/../lib/gcc/arm-none-eabi/12.3.1/thumb/v7e-m+fp/hard/crtbegin.o
                0x0800caec                        PROVIDE (__init_array_end = .)
                0x0800caec                        . = ALIGN (0x4)

.fini_array     0x0800caec        0x4
                0x0800caec                        . = ALIGN (0x4)
                [!provide]                        PROVIDE (__fini_array_start = .)
 *(SORT_BY_NAME(.fini_array.*))
 *(.fini_array*)
 .fini_array    0x0800caec        0x4 /opt/st/stm32cubeide_1.15.0/plugins/com.st.stm32cube.ide.mcu.externaltools.gnu-tools-for-stm32.12.3.rel1.linux64_1.0.100.202403111256/tools/bin/../lib/gcc/arm-none-eabi/12.3.1/thumb/v7e-m+fp/hard/crtbegin.o
                [!provide]                        PROVIDE (__fini_array_end = .)
                0x0800caf0                        . = ALIGN (0x4)
                0x0800caf0                        _sidata = LOADADDR (.data)

.rel.dyn        0x0800caf0        0x0
 .rel.iplt      0x0800caf0        0x0 /opt/st/stm32cubeide_1.15.0/plugins/com.st.stm32cube.ide.mcu.externaltools.gnu-tools-for-stm32.12.3.rel1.linux64_1.0.100.202403111256/tools/bin/../lib/gcc/arm-none-eabi/12.3.1/thumb/v7e-m+fp/hard/crtbegin.o

.data           0x20000000      0x204 load address 0x0800caf0
                0x20000000                        . = ALIGN (0x4)
                0x20000000                        _sdata = .
 *(.data)
 *(.data*)
 .data.SystemCoreClock
                0x20000000        0x4 ./Core/Src/system_stm32f3xx.o
                0x20000000                SystemCoreClock
 .data.uwTickPrio
                0x20000004        0x4 ./Drivers/STM32F3xx_HAL_Driver/Src/stm32f3xx_hal.o
                0x20000004                uwTickPrio
 .data.uwTickFreq
                0x20000008        0x1 ./Drivers/STM32F3xx_HAL_Driver/Src/stm32f3xx_hal.o
                0x20000008                uwTickFreq
 *fill*         0x20000009        0x3 
 .data.BDTable  0x2000000c       0x30 ./Drivers/VL53L1X/core/src/vl53l1_api.o
 .data.__sglue  0x2000003c        0xc /opt/st/stm32cubeide_1.15.0/plugins/com.st.stm32cube.ide.mcu.externaltools.gnu-tools-for-stm32.12.3.rel1.linux64_1.0.100.202403111256/tools/bin/../lib/gcc/arm-none-eabi/12.3.1/../../../../arm-none-eabi/lib/thumb/v7e-m+fp/hard/libc_nano.a(libc_a-findfp.o)
                0x2000003c                __sglue
 .data._impure_ptr
                0x20000048        0x4 /opt/st/stm32cubeide_1.15.0/plugins/com.st.stm32cube.ide.mcu.externaltools.gnu-tools-for-stm32.12.3.rel1.linux64_1.0.100.202403111256/tools/bin/../lib/gcc/arm-none-eabi/12.3.1/../../../../arm-none-eabi/lib/thumb/v7e-m+fp/hard/libc_nano.a(libc_a-impure.o)
                0x20000048                _impure_ptr
 .data._impure_data
                0x2000004c       0x4c /opt/st/stm32cubeide_1.15.0/plugins/com.st.stm32cube.ide.mcu.externaltools.gnu-tools-for-stm32.12.3.rel1.linux64_1.0.100.202403111256/tools/bin/../lib/gcc/arm-none-eabi/12.3.1/../../../../arm-none-eabi/lib/thumb/v7e-m+fp/hard/libc_nano.a(libc_a-impure.o)
                0x2000004c                _impure_data
 .data.__global_locale
                0x20000098      0x16c /opt/st/stm32cubeide_1.15.0/plugins/com.st.stm32cube.ide.mcu.externaltools.gnu-tools-for-stm32.12.3.rel1.linux64_1.0.100.202403111256/tools/bin/../lib/gcc/arm-none-eabi/12.3.1/../../../../arm-none-eabi/lib/thumb/v7e-m+fp/hard/libc_nano.a(libc_a-locale.o)
                0x20000098                __global_locale
 *(.RamFunc)
 *(.RamFunc*)
                0x20000204                        . = ALIGN (0x4)
                0x20000204                        _edata = .
                0x0800ccf4                        _siccmram = LOADADDR (.ccmram)

.igot.plt       0x20000204        0x0 load address 0x0800ccf4
 .igot.plt      0x20000204        0x0 /opt/st/stm32cubeide_1.15.0/plugins/com.st.stm32cube.ide.mcu.externaltools.gnu-tools-for-stm32.12.3.rel1.linux64_1.0.100.202403111256/tools/bin/../lib/gcc/arm-none-eabi/12.3.1/thumb/v7e-m+fp/hard/crtbegin.o

.ccmram         0x10000000        0x0 load address 0x0800ccf4
                0x10000000                        . = ALIGN (0x4)
                0x10000000                        _sccmram = .
 *(.ccmram)
 *(.ccmram*)
                0x10000000                        . = ALIGN (0x4)
                0x10000000                        _eccmram = .
                0x10000000                        . = ALIGN (0x4)

.bss            0x20000204      0x34c
                0x20000204                        _sbss = .
                0x20000204                        __bss_start__ = _sbss
 *(.bss)
 .bss           0x20000204       0x1c /opt/st/stm32cubeide_1.15.0/plugins/com.st.stm32cube.ide.mcu.externaltools.gnu-tools-for-stm32.12.3.rel1.linux64_1.0.100.202403111256/tools/bin/../lib/gcc/arm-none-eabi/12.3.1/thumb/v7e-m+fp/hard/crtbegin.o
 *(.bss*)
 .bss.hi2c1     0x20000220       0x54 ./Core/Src/main.o
                0x20000220                hi2c1
 .bss.huart2    0x20000274       0x88 ./Core/Src/main.o
                0x20000274                huart2
 .bss.__sbrk_heap_end
                0x200002fc        0x4 ./Core/Src/sysmem.o
 .bss.uwTick    0x20000300        0x4 ./Drivers/STM32F3xx_HAL_Driver/Src/stm32f3xx_hal.o
                0x20000300                uwTick
 .bss._I2CBuffer
                0x20000304      0x100 ./Drivers/VL53L1X/platform/src/vl53l1_platform.o
                0x20000304                _I2CBuffer
 .bss.__sf      0x20000404      0x138 /opt/st/stm32cubeide_1.15.0/plugins/com.st.stm32cube.ide.mcu.externaltools.gnu-tools-for-stm32.12.3.rel1.linux64_1.0.100.202403111256/tools/bin/../lib/gcc/arm-none-eabi/12.3.1/../../../../arm-none-eabi/lib/thumb/v7e-m+fp/hard/libc_nano.a(libc_a-findfp.o)
                0x20000404                __sf
 .bss.__stdio_exit_handler
                0x2000053c        0x4 /opt/st/stm32cubeide_1.15.0/plugins/com.st.stm32cube.ide.mcu.externaltools.gnu-tools-for-stm32.12.3.rel1.linux64_1.0.100.202403111256/tools/bin/../lib/gcc/arm-none-eabi/12.3.1/../../../../arm-none-eabi/lib/thumb/v7e-m+fp/hard/libc_nano.a(libc_a-findfp.o)
                0x2000053c                __stdio_exit_handler
 .bss.errno     0x20000540        0x4 /opt/st/stm32cubeide_1.15.0/plugins/com.st.stm32cube.ide.mcu.externaltools.gnu-tools-for-stm32.12.3.rel1.linux64_1.0.100.202403111256/tools/bin/../lib/gcc/arm-none-eabi/12.3.1/../../../../arm-none-eabi/lib/thumb/v7e-m+fp/hard/libc_nano.a(libc_a-reent.o)
                0x20000540                errno
 .bss.__lock___malloc_recursive_mutex
                0x20000544        0x1 /opt/st/stm32cubeide_1.15.0/plugins/com.st.stm32cube.ide.mcu.externaltools.gnu-tools-for-stm32.12.3.rel1.linux64_1.0.100.202403111256/tools/bin/../lib/gcc/arm-none-eabi/12.3.1/../../../../arm-none-eabi/lib/thumb/v7e-m+fp/hard/libc_nano.a(libc_a-lock.o)
                0x20000544                __lock___malloc_recursive_mutex
 .bss.__lock___sfp_recursive_mutex
                0x20000545        0x1 /opt/st/stm32cubeide_1.15.0/plugins/com.st.stm32cube.ide.mcu.externaltools.gnu-tools-for-stm32.12.3.rel1.linux64_1.0.100.202403111256/tools/bin/../lib/gcc/arm-none-eabi/12.3.1/../../../../arm-none-eabi/lib/thumb/v7e-m+fp/hard/libc_nano.a(libc_a-lock.o)
                0x20000545                __lock___sfp_recursive_mutex
 *fill*         0x20000546        0x2 
 .bss.__malloc_sbrk_start
                0x20000548        0x4 /opt/st/stm32cubeide_1.15.0/plugins/com.st.stm32cube.ide.mcu.externaltools.gnu-tools-for-stm32.12.3.rel1.linux64_1.0.100.202403111256/tools/bin/../lib/gcc/arm-none-eabi/12.3.1/../../../../arm-none-eabi/lib/thumb/v7e-m+fp/hard/libc_nano.a(libc_a-mallocr.o)
                0x20000548                __malloc_sbrk_start
 .bss.__malloc_free_list
                0x2000054c        0x4 /opt/st/stm32cubeide_1.15.0/plugins/com.st.stm32cube.ide.mcu.externaltools.gnu-tools-for-stm32.12.3.rel1.linux64_1.0.100.202403111256/tools/bin/../lib/gcc/arm-none-eabi/12.3.1/../../../../arm-none-eabi/lib/thumb/v7e-m+fp/hard/libc_nano.a(libc_a-mallocr.o)
                0x2000054c                __malloc_free_list
 *(COMMON)
                0x20000550                        . = ALIGN (0x4)
                0x20000550                        _ebss = .
                0x20000550                        __bss_end__ = _ebss

._user_heap_stack
                0x20000550      0x600
                0x20000550                        . = ALIGN (0x8)
                [!provide]                        PROVIDE (end = .)
                0x20000550                        PROVIDE (_end = .)
                0x20000750                        . = (. + _Min_Heap_Size)
 *fill*         0x20000550      0x200 
                0x20000b50                        . = (. + _Min_Stack_Size)
 *fill*         0x20000750      0x400 
                0x20000b50                        . = ALIGN (0x8)

/DISCARD/
 libc.a(*)
 libm.a(*)
 libgcc.a(*)

.ARM.attributes
                0x00000000       0x30
 *(.ARM.attributes)
 .ARM.attributes
                0x00000000       0x22 /opt/st/stm32cubeide_1.15.0/plugins/com.st.stm32cube.ide.mcu.externaltools.gnu-tools-for-stm32.12.3.rel1.linux64_1.0.100.202403111256/tools/bin/../lib/gcc/arm-none-eabi/12.3.1/thumb/v7e-m+fp/hard/crti.o
 .ARM.attributes
                0x00000022       0x34 /opt/st/stm32cubeide_1.15.0/plugins/com.st.stm32cube.ide.mcu.externaltools.gnu-tools-for-stm32.12.3.rel1.linux64_1.0.100.202403111256/tools/bin/../lib/gcc/arm-none-eabi/12.3.1/thumb/v7e-m+fp/hard/crtbegin.o
 .ARM.attributes
                0x00000056       0x34 ./Core/Src/main.o
 .ARM.attributes